Component: ARM Compiler 5.06 update 5 (build 528) Tool: armlink [4d35e2]

==============================================================================

Section Cross References

    startup_stm32f103xb.o(RESET) refers to startup_stm32f103xb.o(STACK) for __initial_sp
    startup_stm32f103xb.o(RESET) refers to startup_stm32f103xb.o(.text) for Reset_Handler
    startup_stm32f103xb.o(RESET) refers to stm32f1xx_it.o(i.NMI_Handler) for NMI_Handler
    startup_stm32f103xb.o(RESET) refers to stm32f1xx_it.o(i.HardFault_Handler) for HardFault_Handler
    startup_stm32f103xb.o(RESET) refers to stm32f1xx_it.o(i.MemManage_Handler) for MemManage_Handler
    startup_stm32f103xb.o(RESET) refers to stm32f1xx_it.o(i.BusFault_Handler) for BusFault_Handler
    startup_stm32f103xb.o(RESET) refers to stm32f1xx_it.o(i.UsageFault_Handler) for UsageFault_Handler
    startup_stm32f103xb.o(RESET) refers to port.o(.emb_text) for SVC_Handler
    startup_stm32f103xb.o(RESET) refers to stm32f1xx_it.o(i.DebugMon_Handler) for DebugMon_Handler
    startup_stm32f103xb.o(RESET) refers to stm32f1xx_it.o(i.SysTick_Handler) for SysTick_Handler
    startup_stm32f103xb.o(RESET) refers to stm32f1xx_it.o(i.DMA1_Channel1_IRQHandler) for DMA1_Channel1_IRQHandler
    startup_stm32f103xb.o(.text) refers to system_stm32f1xx.o(i.SystemInit) for SystemInit
    startup_stm32f103xb.o(.text) refers to entry.o(.ARM.Collect$$$$00000000) for __main
    main.o(i.SystemClock_Config) refers to memseta.o(.text) for __aeabi_memclr4
    main.o(i.SystemClock_Config) refers to stm32f1xx_hal_rcc.o(i.HAL_RCC_OscConfig) for HAL_RCC_OscConfig
    main.o(i.SystemClock_Config) refers to main.o(i.Error_Handler) for Error_Handler
    main.o(i.SystemClock_Config) refers to stm32f1xx_hal_rcc.o(i.HAL_RCC_ClockConfig) for HAL_RCC_ClockConfig
    main.o(i.SystemClock_Config) refers to stm32f1xx_hal_rcc_ex.o(i.HAL_RCCEx_PeriphCLKConfig) for HAL_RCCEx_PeriphCLKConfig
    main.o(i.main) refers to stm32f1xx_hal.o(i.HAL_Init) for HAL_Init
    main.o(i.main) refers to main.o(i.SystemClock_Config) for SystemClock_Config
    main.o(i.main) refers to gpio.o(i.MX_GPIO_Init) for MX_GPIO_Init
    main.o(i.main) refers to dma.o(i.MX_DMA_Init) for MX_DMA_Init
    main.o(i.main) refers to usart.o(i.MX_USART1_UART_Init) for MX_USART1_UART_Init
    main.o(i.main) refers to spi.o(i.MX_SPI1_Init) for MX_SPI1_Init
    main.o(i.main) refers to adc.o(i.MX_ADC1_Init) for MX_ADC1_Init
    main.o(i.main) refers to strrchr.o(.text) for strrchr
    main.o(i.main) refers to printf8.o(i.__0printf$8) for __2printf
    main.o(i.main) refers to int_si24r1.o(i.Int_SI24R1_Init) for Int_SI24R1_Init
    main.o(i.main) refers to app_freertos_task.o(i.App_freeRTOS_Start) for App_freeRTOS_Start
    gpio.o(i.MX_GPIO_Init) refers to stm32f1xx_hal_gpio.o(i.HAL_GPIO_WritePin) for HAL_GPIO_WritePin
    gpio.o(i.MX_GPIO_Init) refers to stm32f1xx_hal_gpio.o(i.HAL_GPIO_Init) for HAL_GPIO_Init
    adc.o(i.HAL_ADC_MspDeInit) refers to stm32f1xx_hal_gpio.o(i.HAL_GPIO_DeInit) for HAL_GPIO_DeInit
    adc.o(i.HAL_ADC_MspDeInit) refers to stm32f1xx_hal_dma.o(i.HAL_DMA_DeInit) for HAL_DMA_DeInit
    adc.o(i.HAL_ADC_MspInit) refers to stm32f1xx_hal_gpio.o(i.HAL_GPIO_Init) for HAL_GPIO_Init
    adc.o(i.HAL_ADC_MspInit) refers to stm32f1xx_hal_dma.o(i.HAL_DMA_Init) for HAL_DMA_Init
    adc.o(i.HAL_ADC_MspInit) refers to main.o(i.Error_Handler) for Error_Handler
    adc.o(i.HAL_ADC_MspInit) refers to adc.o(.bss) for hdma_adc1
    adc.o(i.MX_ADC1_Init) refers to stm32f1xx_hal_adc.o(i.HAL_ADC_Init) for HAL_ADC_Init
    adc.o(i.MX_ADC1_Init) refers to main.o(i.Error_Handler) for Error_Handler
    adc.o(i.MX_ADC1_Init) refers to stm32f1xx_hal_adc.o(i.HAL_ADC_ConfigChannel) for HAL_ADC_ConfigChannel
    adc.o(i.MX_ADC1_Init) refers to adc.o(.bss) for hadc1
    dma.o(i.MX_DMA_Init) refers to stm32f1xx_hal_cortex.o(i.HAL_NVIC_SetPriority) for HAL_NVIC_SetPriority
    dma.o(i.MX_DMA_Init) refers to stm32f1xx_hal_cortex.o(i.HAL_NVIC_EnableIRQ) for HAL_NVIC_EnableIRQ
    spi.o(i.HAL_SPI_MspDeInit) refers to stm32f1xx_hal_gpio.o(i.HAL_GPIO_DeInit) for HAL_GPIO_DeInit
    spi.o(i.HAL_SPI_MspInit) refers to stm32f1xx_hal_gpio.o(i.HAL_GPIO_Init) for HAL_GPIO_Init
    spi.o(i.MX_SPI1_Init) refers to stm32f1xx_hal_spi.o(i.HAL_SPI_Init) for HAL_SPI_Init
    spi.o(i.MX_SPI1_Init) refers to main.o(i.Error_Handler) for Error_Handler
    spi.o(i.MX_SPI1_Init) refers to spi.o(.bss) for hspi1
    usart.o(i.HAL_UART_MspDeInit) refers to stm32f1xx_hal_gpio.o(i.HAL_GPIO_DeInit) for HAL_GPIO_DeInit
    usart.o(i.HAL_UART_MspInit) refers to stm32f1xx_hal_gpio.o(i.HAL_GPIO_Init) for HAL_GPIO_Init
    usart.o(i.MX_USART1_UART_Init) refers to stm32f1xx_hal_uart.o(i.HAL_UART_Init) for HAL_UART_Init
    usart.o(i.MX_USART1_UART_Init) refers to main.o(i.Error_Handler) for Error_Handler
    usart.o(i.MX_USART1_UART_Init) refers to usart.o(.bss) for huart1
[...]
    Removing stream_buffer.o(i.prvWriteMessageToBuffer), (88 bytes).
    Removing stream_buffer.o(i.vStreamBufferDelete), (32 bytes).
    Removing stream_buffer.o(i.xStreamBufferBytesAvailable), (18 bytes).
    Removing stream_buffer.o(i.xStreamBufferGenericCreate), (82 bytes).
    Removing stream_buffer.o(i.xStreamBufferIsEmpty), (22 bytes).
    Removing stream_buffer.o(i.xStreamBufferIsFull), (40 bytes).
    Removing stream_buffer.o(i.xStreamBufferNextMessageLengthBytes), (52 bytes).
    Removing stream_buffer.o(i.xStreamBufferReceive), (176 bytes).
    Removing stream_buffer.o(i.xStreamBufferReceiveCompletedFromISR), (80 bytes).
    Removing stream_buffer.o(i.xStreamBufferReceiveFromISR), (132 bytes).
    Removing stream_buffer.o(i.xStreamBufferReset), (56 bytes).
    Removing stream_buffer.o(i.xStreamBufferSend), (226 bytes).
    Removing stream_buffer.o(i.xStreamBufferSendCompletedFromISR), (80 bytes).
    Removing stream_buffer.o(i.xStreamBufferSendFromISR), (134 bytes).
    Removing stream_buffer.o(i.xStreamBufferSetTriggerLevel), (26 bytes).
    Removing stream_buffer.o(i.xStreamBufferSpacesAvailable), (40 bytes).
    Removing tasks.o(i.pcTaskGetName), (24 bytes).
    Removing tasks.o(i.prvTaskIsTaskSuspended), (64 bytes).
    Removing tasks.o(i.ulTaskGenericNotifyTake), (136 bytes).
    Removing tasks.o(i.ulTaskGenericNotifyValueClear), (64 bytes).
    Removing tasks.o(i.uxTaskGetNumberOfTasks), (12 bytes).
    Removing tasks.o(i.uxTaskPriorityGet), (36 bytes).
    Removing tasks.o(i.uxTaskPriorityGetFromISR), (56 bytes).
    Removing tasks.o(i.uxTaskResetEventItemValue), (28 bytes).
    Removing tasks.o(i.vTaskDelete), (212 bytes).
    Removing tasks.o(i.vTaskEndScheduler), (36 bytes).
    Removing tasks.o(i.vTaskGenericNotifyGiveFromISR), (336 bytes).
    Removing tasks.o(i.vTaskInternalSetTimeOutState), (24 bytes).
    Removing tasks.o(i.vTaskMissedYield), (12 bytes).
    Removing tasks.o(i.vTaskPlaceOnEventList), (32 bytes).
    Removing tasks.o(i.vTaskPlaceOnUnorderedEventList), (80 bytes).
    Removing tasks.o(i.vTaskPrioritySet), (284 bytes).
    Removing tasks.o(i.vTaskRemoveFromUnorderedEventList), (208 bytes).
    Removing tasks.o(i.vTaskResume), (172 bytes).
    Removing tasks.o(i.vTaskSetTimeOutState), (36 bytes).
    Removing tasks.o(i.vTaskSuspend), (216 bytes).
    Removing tasks.o(i.xTaskCatchUpTicks), (40 bytes).
    Removing tasks.o(i.xTaskCheckForTimeOut), (96 bytes).
    Removing tasks.o(i.xTaskGenericNotify), (332 bytes).
    Removing tasks.o(i.xTaskGenericNotifyFromISR), (504 bytes).
    Removing tasks.o(i.xTaskGenericNotifyStateClear), (64 bytes).
    Removing tasks.o(i.xTaskGenericNotifyWait), (172 bytes).
    Removing tasks.o(i.xTaskGetCurrentTaskHandle), (12 bytes).
    Removing tasks.o(i.xTaskGetTickCountFromISR), (12 bytes).
    Removing tasks.o(i.xTaskRemoveFromEventList), (264 bytes).
    Removing tasks.o(i.xTaskResumeFromISR), (216 bytes).
    Removing heap_4.o(i.pvPortCalloc), (54 bytes).
    Removing heap_4.o(i.vPortGetHeapStats), (128 bytes).
    Removing heap_4.o(i.vPortInitialiseBlocks), (2 bytes).
    Removing heap_4.o(i.xPortGetFreeHeapSize), (12 bytes).
    Removing heap_4.o(i.xPortGetMinimumEverFreeHeapSize), (12 bytes).
    Removing port.o(i.vPortEndScheduler), (2 bytes).
    Removing app_freertos_task.o(.rev16_text), (4 bytes).
    Removing app_freertos_task.o(.revsh_text), (4 bytes).
    Removing app_freertos_task.o(.rrx_text), (6 bytes).
    Removing app_process_data.o(.rev16_text), (4 bytes).
    Removing app_process_data.o(.revsh_text), (4 bytes).
    Removing app_process_data.o(.rrx_text), (6 bytes).
    Removing app_transmit_data.o(.rev16_text), (4 bytes).
    Removing app_transmit_data.o(.revsh_text), (4 bytes).
    Removing app_transmit_data.o(.rrx_text), (6 bytes).
    Removing int_ip5305t.o(.rev16_text), (4 bytes).
    Removing int_ip5305t.o(.revsh_text), (4 bytes).
    Removing int_ip5305t.o(.rrx_text), (6 bytes).
    Removing int_si24r1.o(.rev16_text), (4 bytes).
    Removing int_si24r1.o(.revsh_text), (4 bytes).
    Removing int_si24r1.o(.rrx_text), (6 bytes).
    Removing int_si24r1.o(i.Int_SI24R1_RxPacket), (52 bytes).
    Removing int_key.o(.rev16_text), (4 bytes).
    Removing int_key.o(.revsh_text), (4 bytes).
    Removing int_key.o(.rrx_text), (6 bytes).
    Removing int_joystick.o(.rev16_text), (4 bytes).
    Removing int_joystick.o(.revsh_text), (4 bytes).
    Removing int_joystick.o(.rrx_text), (6 bytes).
    Removing dadd.o(.text), (334 bytes).
    Removing dmul.o(.text), (228 bytes).
    Removing ddiv.o(.text), (222 bytes).
    Removing dfixul.o(.text), (48 bytes).
    Removing cdrcmple.o(.text), (48 bytes).
    Removing depilogue.o(.text), (186 bytes).

461 unused section(s) (total 34338 bytes) removed from the image.

==============================================================================

Image Symbol Table

    Local Symbols

    Symbol Name                              Value     Ov Type        Size  Object(Section)

    ../Core/Src/adc.c                        0x00000000   Number         0  adc.o ABSOLUTE
    ../Core/Src/dma.c                        0x00000000   Number         0  dma.o ABSOLUTE
    ../Core/Src/gpio.c                       0x00000000   Number         0  gpio.o ABSOLUTE
    ../Core/Src/main.c                       0x00000000   Number         0  main.o ABSOLUTE
    ../Core/Src/spi.c                        0x00000000   Number         0  spi.o ABSOLUTE
    ../Core/Src/stm32f1xx_hal_msp.c          0x00000000   Number         0  stm32f1xx_hal_msp.o ABSOLUTE
    ../Core/Src/stm32f1xx_it.c               0x00000000   Number         0  stm32f1xx_it.o ABSOLUTE
    ../Core/Src/system_stm32f1xx.c           0x00000000   Number         0  system_stm32f1xx.o ABSOLUTE
    ../Core/Src/usart.c                      0x00000000   Number         0  usart.o ABSOLUTE
    ../Drivers/STM32F1xx_HAL_Driver/Src/stm32f1xx_hal.c 0x00000000   Number         0  stm32f1xx_hal.o ABSOLUTE
    ../Drivers/STM32F1xx_HAL_Driver/Src/stm32f1xx_hal_adc.c 0x00000000   Number         0  stm32f1xx_hal_adc.o ABSOLUTE
    ../Drivers/STM32F1xx_HAL_Driver/Src/stm32f1xx_hal_adc_ex.c 0x00000000   Number         0  stm32f1xx_hal_adc_ex.o ABSOLUTE
    ../Drivers/STM32F1xx_HAL_Driver/Src/stm32f1xx_hal_cortex.c 0x00000000   Number         0  stm32f1xx_hal_cortex.o ABSOLUTE
    ../Drivers/STM32F1xx_HAL_Driver/Src/stm32f1xx_hal_dma.c 0x00000000   Number         0  stm32f1xx_hal_dma.o ABSOLUTE
    ../Drivers/STM32F1xx_HAL_Driver/Src/stm32f1xx_hal_exti.c 0x00000000   Number         0  stm32f1xx_hal_exti.o ABSOLUTE
    ../Drivers/STM32F1xx_HAL_Driver/Src/stm32f1xx_hal_flash.c 0x00000000   Number         0  stm32f1xx_hal_flash.o ABSOLUTE
    ../Drivers/STM32F1xx_HAL_Driver/Src/stm32f1xx_hal_flash_ex.c 0x00000000   Number         0  stm32f1xx_hal_flash_ex.o ABSOLUTE
    ../Drivers/STM32F1xx_HAL_Driver/Src/stm32f1xx_hal_gpio.c 0x00000000   Number         0  stm32f1xx_hal_gpio.o ABSOLUTE
    ../Drivers/STM32F1xx_HAL_Driver/Src/stm32f1xx_hal_gpio_ex.c 0x00000000   Number         0  stm32f1xx_hal_gpio_ex.o ABSOLUTE
    ../Drivers/STM32F1xx_HAL_Driver/Src/stm32f1xx_hal_pwr.c 0x00000000   Number         0  stm32f1xx_hal_pwr.o ABSOLUTE
    ../Drivers/STM32F1xx_HAL_Driver/Src/stm32f1xx_hal_rcc.c 0x00000000   Number         0  stm32f1xx_hal_rcc.o ABSOLUTE
    ../Drivers/STM32F1xx_HAL_Driver/Src/stm32f1xx_hal_rcc_ex.c 0x00000000   Number         0  stm32f1xx_hal_rcc_ex.o ABSOLUTE
    ../Drivers/STM32F1xx_HAL_Driver/Src/stm32f1xx_hal_spi.c 0x00000000   Number         0  stm32f1xx_hal_spi.o ABSOLUTE
    ../Drivers/STM32F1xx_HAL_Driver/Src/stm32f1xx_hal_tim.c 0x00000000   Number         0  stm32f1xx_hal_tim.o ABSOLUTE
    ../Drivers/STM32F1xx_HAL_Driver/Src/stm32f1xx_hal_tim_ex.c 0x00000000   Number         0  stm32f1xx_hal_tim_ex.o ABSOLUTE
    ../Drivers/STM32F1xx_HAL_Driver/Src/stm32f1xx_hal_uart.c 0x00000000   Number         0  stm32f1xx_hal_uart.o ABSOLUTE
    ../clib/microlib/division.c              0x00000000   Number         0  uidiv.o ABSOLUTE
    ../clib/microlib/division.c              0x00000000   Number         0  uldiv.o ABSOLUTE
    ../clib/microlib/init/entry.s            0x00000000   Number         0  entry7a.o ABSOLUTE
    ../clib/microlib/init/entry.s            0x00000000   Number         0  entry7b.o ABSOLUTE
    ../clib/microlib/init/entry.s            0x00000000   Number         0  entry.o ABSOLUTE
    ../clib/microlib/init/entry.s            0x00000000   Number         0  entry5.o ABSOLUTE
    ../clib/microlib/init/entry.s            0x00000000   Number         0  entry9a.o ABSOLUTE
    ../clib/microlib/init/entry.s            0x00000000   Number         0  entry11b.o ABSOLUTE
    ../clib/microlib/init/entry.s            0x00000000   Number         0  entry11a.o ABSOLUTE
    ../clib/microlib/init/entry.s            0x00000000   Number         0  entry10b.o ABSOLUTE
    ../clib/microlib/init/entry.s            0x00000000   Number         0  entry10a.o ABSOLUTE
    ../clib/microlib/init/entry.s            0x00000000   Number         0  entry2.o ABSOLUTE
    ../clib/microlib/init/entry.s            0x00000000   Number         0  entry9b.o ABSOLUTE
    ../clib/microlib/init/entry.s            0x00000000   Number         0  entry8b.o ABSOLUTE
    ../clib/microlib/init/entry.s            0x00000000   Number         0  entry8a.o ABSOLUTE
    ../clib/microlib/longlong.c              0x00000000   Number         0  llshl.o ABSOLUTE
    ../clib/microlib/longlong.c              0x00000000   Number         0  llushr.o ABSOLUTE
    ../clib/microlib/longlong.c              0x00000000   Number         0  llsshr.o ABSOLUTE
    ../clib/microlib/printf/printf.c         0x00000000   Number         0  printf0.o ABSOLUTE
    ../clib/microlib/printf/printf.c         0x00000000   Number         0  printf6.o ABSOLUTE
    ../clib/microlib/printf/printf.c         0x00000000   Number         0  printf8.o ABSOLUTE
    ../clib/microlib/printf/printf.c         0x00000000   Number         0  printf4.o ABSOLUTE
    ../clib/microlib/printf/printf.c         0x00000000   Number         0  printf2.o ABSOLUTE
    ../clib/microlib/printf/printf.c         0x00000000   Number         0  printf5.o ABSOLUTE
    ../clib/microlib/printf/printf.c         0x00000000   Number         0  printf3.o ABSOLUTE
    ../clib/microlib/printf/printf.c         0x00000000   Number         0  printf1.o ABSOLUTE
    ../clib/microlib/printf/printf.c         0x00000000   Number         0  printfb.o ABSOLUTE
    ../clib/microlib/printf/printf.c         0x00000000   Number         0  printfa.o ABSOLUTE
    ../clib/microlib/printf/printf.c         0x00000000   Number         0  printf7.o ABSOLUTE
    ../clib/microlib/printf/stubs.s          0x00000000   Number         0  stubs.o ABSOLUTE
    ../clib/microlib/stdio/streams.c         0x00000000   Number         0  stdout.o ABSOLUTE
    ../clib/microlib/string/memcpy.c         0x00000000   Number         0  memcpya.o ABSOLUTE
    ../clib/microlib/string/memcpy.c         0x00000000   Number         0  memcpyb.o ABSOLUTE
    ../clib/microlib/string/memset.c         0x00000000   Number         0  memseta.o ABSOLUTE
    ../clib/microlib/string/strrchr.c        0x00000000   Number         0  strrchr.o ABSOLUTE
    ../clib/microlib/stubs.s                 0x00000000   Number         0  iusefp.o ABSOLUTE
    ../fplib/microlib/fpadd.c                0x00000000   Number         0  dadd.o ABSOLUTE
    ../fplib/microlib/fpdiv.c                0x00000000   Number         0  ddiv.o ABSOLUTE
    ../fplib/microlib/fpepilogue.c           0x00000000   Number         0  depilogue.o ABSOLUTE
    ../fplib/microlib/fpfix.c                0x00000000   Number         0  dfixul.o ABSOLUTE
    ../fplib/microlib/fpmul.c                0x00000000   Number         0  dmul.o ABSOLUTE
    ..\Core\Src\adc.c                        0x00000000   Number         0  adc.o ABSOLUTE
    ..\Core\Src\dma.c                        0x00000000   Number         0  dma.o ABSOLUTE
    ..\Core\Src\gpio.c                       0x00000000   Number         0  gpio.o ABSOLUTE
    ..\Core\Src\main.c                       0x00000000   Number         0  main.o ABSOLUTE
    ..\Core\Src\spi.c                        0x00000000   Number         0  spi.o ABSOLUTE
    ..\Core\Src\stm32f1xx_hal_msp.c          0x00000000   Number         0  stm32f1xx_hal_msp.o ABSOLUTE
    ..\Core\Src\stm32f1xx_it.c               0x00000000   Number         0  stm32f1xx_it.o ABSOLUTE
    ..\Core\Src\system_stm32f1xx.c           0x00000000   Number         0  system_stm32f1xx.o ABSOLUTE
    ..\Core\Src\usart.c                      0x00000000   Number         0  usart.o ABSOLUTE
    ..\Drivers\STM32F1xx_HAL_Driver\Src\stm32f1xx_hal.c 0x00000000   Number         0  stm32f1xx_hal.o ABSOLUTE
    ..\Drivers\STM32F1xx_HAL_Driver\Src\stm32f1xx_hal_adc.c 0x00000000   Number         0  stm32f1xx_hal_adc.o ABSOLUTE
    ..\Drivers\STM32F1xx_HAL_Driver\Src\stm32f1xx_hal_adc_ex.c 0x00000000   Number         0  stm32f1xx_hal_adc_ex.o ABSOLUTE
    ..\Drivers\STM32F1xx_HAL_Driver\Src\stm32f1xx_hal_cortex.c 0x00000000   Number         0  stm32f1xx_hal_cortex.o ABSOLUTE
    ..\Drivers\STM32F1xx_HAL_Driver\Src\stm32f1xx_hal_dma.c 0x00000000   Number         0  stm32f1xx_hal_dma.o ABSOLUTE
    ..\Drivers\STM32F1xx_HAL_Driver\Src\stm32f1xx_hal_exti.c 0x00000000   Number         0  stm32f1xx_hal_exti.o ABSOLUTE
    ..\Drivers\STM32F1xx_HAL_Driver\Src\stm32f1xx_hal_flash.c 0x00000000   Number         0  stm32f1xx_hal_flash.o ABSOLUTE
    ..\Drivers\STM32F1xx_HAL_Driver\Src\stm32f1xx_hal_flash_ex.c 0x00000000   Number         0  stm32f1xx_hal_flash_ex.o ABSOLUTE
    ..\Drivers\STM32F1xx_HAL_Driver\Src\stm32f1xx_hal_gpio.c 0x00000000   Number         0  stm32f1xx_hal_gpio.o ABSOLUTE
    ..\Drivers\STM32F1xx_HAL_Driver\Src\stm32f1xx_hal_gpio_ex.c 0x00000000   Number         0  stm32f1xx_hal_gpio_ex.o ABSOLUTE
    ..\Drivers\STM32F1xx_HAL_Driver\Src\stm32f1xx_hal_pwr.c 0x00000000   Number         0  stm32f1xx_hal_pwr.o ABSOLUTE
    ..\Drivers\STM32F1xx_HAL_Driver\Src\stm32f1xx_hal_rcc.c 0x00000000   Number         0  stm32f1xx_hal_rcc.o ABSOLUTE
    ..\Drivers\STM32F1xx_HAL_Driver\Src\stm32f1xx_hal_rcc_ex.c 0x00000000   Number         0  stm32f1xx_hal_rcc_ex.o ABSOLUTE
    ..\Drivers\STM32F1xx_HAL_Driver\Src\stm32f1xx_hal_spi.c 0x00000000   Number         0  stm32f1xx_hal_spi.o ABSOLUTE
    ..\Drivers\STM32F1xx_HAL_Driver\Src\stm32f1xx_hal_tim.c 0x00000000   Number         0  stm32f1xx_hal_tim.o ABSOLUTE
    ..\Drivers\STM32F1xx_HAL_Driver\Src\stm32f1xx_hal_tim_ex.c 0x00000000   Number         0  stm32f1xx_hal_tim_ex.o ABSOLUTE
    ..\Drivers\STM32F1xx_HAL_Driver\Src\stm32f1xx_hal_uart.c 0x00000000   Number         0  stm32f1xx_hal_uart.o ABSOLUTE
    Application\App_freeRTOS_Task.c          0x00000000   Number         0  app_freertos_task.o ABSOLUTE
    Application\App_process_data.c           0x00000000   Number         0  app_process_data.o ABSOLUTE
    Application\App_transmit_data.c          0x00000000   Number         0  app_transmit_data.o ABSOLUTE
    Application\\App_freeRTOS_Task.c         0x00000000   Number         0  app_freertos_task.o ABSOLUTE
    Application\\App_process_data.c          0x00000000   Number         0  app_process_data.o ABSOLUTE
    Application\\App_transmit_data.c         0x00000000   Number         0  app_transmit_data.o ABSOLUTE
    cdrcmple.s                               0x00000000   Number         0  cdrcmple.o ABSOLUTE
    common\Com_debug.c                       0x00000000   Number         0  com_debug.o ABSOLUTE
    common\Com_tool.c                        0x00000000   Number         0  com_tool.o ABSOLUTE
    common\\Com_debug.c                      0x00000000   Number         0  com_debug.o ABSOLUTE
    common\\Com_tool.c                       0x00000000   Number         0  com_tool.o ABSOLUTE
    dc.s                                     0x00000000   Number         0  dc.o ABSOLUTE
    freeRTOS\\portable\\port.c               0x00000000   Number         0  port.o ABSOLUTE
    freeRTOS\croutine.c                      0x00000000   Number         0  croutine.o ABSOLUTE
    freeRTOS\event_groups.c                  0x00000000   Number         0  event_groups.o ABSOLUTE
    freeRTOS\list.c                          0x00000000   Number         0  list.o ABSOLUTE
    freeRTOS\portable\heap_4.c               0x00000000   Number         0  heap_4.o ABSOLUTE
    freeRTOS\portable\port.c                 0x00000000   Number         0  port.o ABSOLUTE
    freeRTOS\queue.c                         0x00000000   Number         0  queue.o ABSOLUTE
    freeRTOS\stream_buffer.c                 0x00000000   Number         0  stream_buffer.o ABSOLUTE
    freeRTOS\tasks.c                         0x00000000   Number         0  tasks.o ABSOLUTE
    freeRTOS\timers.c                        0x00000000   Number         0  timers.o ABSOLUTE
    handlers.s                               0x00000000   Number         0  handlers.o ABSOLUTE
    init.s                                   0x00000000   Number         0  init.o ABSOLUTE
    interface\Int_IP5305T.c                  0x00000000   Number         0  int_ip5305t.o ABSOLUTE
    interface\Int_SI24R1.c                   0x00000000   Number         0  int_si24r1.o ABSOLUTE
    interface\Int_joystick.c                 0x00000000   Number         0  int_joystick.o ABSOLUTE
    interface\Int_key.c                      0x00000000   Number         0  int_key.o ABSOLUTE
    interface\\Int_IP5305T.c                 0x00000000   Number         0  int_ip5305t.o ABSOLUTE
    interface\\Int_SI24R1.c                  0x00000000   Number         0  int_si24r1.o ABSOLUTE
    interface\\Int_joystick.c                0x00000000   Number         0  int_joystick.o ABSOLUTE
    interface\\Int_key.c                     0x00000000   Number         0  int_key.o ABSOLUTE
    startup_stm32f103xb.s                    0x00000000   Number         0  startup_stm32f103xb.o ABSOLUTE
    RESET                                    0x08000000   Section      236  startup_stm32f103xb.o(RESET)
    .ARM.Collect$$$$00000000                 0x080000ec   Section        0  entry.o(.ARM.Collect$$$$00000000)
    .ARM.Collect$$$$00000001                 0x080000ec   Section        4  entry2.o(.ARM.Collect$$$$00000001)
    .ARM.Collect$$$$00000004                 0x080000f0   Section        4  entry5.o(.ARM.Collect$$$$00000004)
    .ARM.Collect$$$$00000008                 0x080000f4   Section        0  entry7b.o(.ARM.Collect$$$$00000008)
    .ARM.Collect$$$$0000000A                 0x080000f4   Section        0  entry8b.o(.ARM.Collect$$$$0000000A)
    .ARM.Collect$$$$0000000B                 0x080000f4   Section        8  entry9a.o(.ARM.Collect$$$$0000000B)
    .ARM.Collect$$$$0000000D                 0x080000fc   Section        0  entry10a.o(.ARM.Collect$$$$0000000D)
    .ARM.Collect$$$$0000000F                 0x080000fc   Section        0  entry11a.o(.ARM.Collect$$$$0000000F)
    .ARM.Collect$$$$00002712                 0x080000fc   Section        4  entry2.o(.ARM.Collect$$$$00002712)
    __lit__00000000                          0x080000fc   Data           4  entry2.o(.ARM.Collect$$$$00002712)
    .emb_text                                0x08000100   Section      150  port.o(.emb_text)
    .text                                    0x08000198   Section       36  startup_stm32f103xb.o(.text)
    .text                                    0x080001bc   Section        0  llushr.o(.text)
    .text                                    0x080001dc   Section        0  memseta.o(.text)
    .text                                    0x08000200   Section        0  strrchr.o(.text)
    .text                                    0x08000220   Section        0  uldiv.o(.text)
    .text                                    0x08000284   Section       36  init.o(.text)
    .text                                    0x080002a8   Section        0  llshl.o(.text)
    i.ADC_ConversionStop_Disable             0x080002c6   Section        0  stm32f1xx_hal_adc.o(i.ADC_ConversionStop_Disable)
    i.ADC_DMAConvCplt                        0x08000322   Section        0  stm32f1xx_hal_adc.o(i.ADC_DMAConvCplt)
    i.ADC_DMAError                           0x08000374   Section        0  stm32f1xx_hal_adc.o(i.ADC_DMAError)
    i.ADC_DMAHalfConvCplt                    0x08000392   Section        0  stm32f1xx_hal_adc.o(i.ADC_DMAHalfConvCplt)
    i.ADC_Enable                             0x080003a0   Section        0  stm32f1xx_hal_adc.o(i.ADC_Enable)
    i.App_calibrate_joystick                 0x08000430   Section        0  app_process_data.o(i.App_calibrate_joystick)
    i.App_freeRTOS_Start                     0x080004f8   Section        0  app_freertos_task.o(i.App_freeRTOS_Start)
    i.App_process_joystick_data              0x080005a4   Section        0  app_process_data.o(i.App_process_joystick_data)
    i.App_process_key_data                   0x0800078c   Section        0  app_process_data.o(i.App_process_key_data)
    i.App_transmit_data                      0x0800080c   Section        0  app_transmit_data.o(i.App_transmit_data)
    i.BusFault_Handler                       0x08000914   Section        0  stm32f1xx_it.o(i.BusFault_Handler)
    i.COM_task                               0x08000918   Section        0  app_freertos_task.o(i.COM_task)
    i.Com_limit                              0x08000934   Section        0  com_tool.o(i.Com_limit)
    i.DMA1_Channel1_IRQHandler               0x08000948   Section        0  stm32f1xx_it.o(i.DMA1_Channel1_IRQHandler)
    i.DMA_SetConfig                          0x08000958   Section        0  stm32f1xx_hal_dma.o(i.DMA_SetConfig)
    DMA_SetConfig                            0x08000959   Thumb Code    44  stm32f1xx_hal_dma.o(i.DMA_SetConfig)
    i.DebugMon_Handler                       0x08000984   Section        0  stm32f1xx_it.o(i.DebugMon_Handler)
    i.Error_Handler                          0x08000986   Section        0  main.o(i.Error_Handler)
    i.HAL_ADC_ConfigChannel                  0x0800098c   Section        0  stm32f1xx_hal_adc.o(i.HAL_ADC_ConfigChannel)
    i.HAL_ADC_ConvCpltCallback               0x08000aec   Section        0  stm32f1xx_hal_adc.o(i.HAL_ADC_ConvCpltCallback)
    i.HAL_ADC_ConvHalfCpltCallback           0x08000aee   Section        0  stm32f1xx_hal_adc.o(i.HAL_ADC_ConvHalfCpltCallback)
    i.HAL_ADC_ErrorCallback                  0x08000af0   Section        0  stm32f1xx_hal_adc.o(i.HAL_ADC_ErrorCallback)
    i.HAL_ADC_Init                           0x08000af4   Section        0  stm32f1xx_hal_adc.o(i.HAL_ADC_Init)
    i.HAL_ADC_MspInit                        0x08000c38   Section        0  adc.o(i.HAL_ADC_MspInit)
    i.HAL_ADC_Start_DMA                      0x08000ce8   Section        0  stm32f1xx_hal_adc.o(i.HAL_ADC_Start_DMA)
    i.HAL_DMA_IRQHandler                     0x08000e68   Section        0  stm32f1xx_hal_dma.o(i.HAL_DMA_IRQHandler)
    i.HAL_DMA_Init                           0x08001004   Section        0  stm32f1xx_hal_dma.o(i.HAL_DMA_Init)
    i.HAL_DMA_Start_IT                       0x0800106c   Section        0  stm32f1xx_hal_dma.o(i.HAL_DMA_Start_IT)
    i.HAL_Delay                              0x08001108   Section        0  stm32f1xx_hal.o(i.HAL_Delay)
    i.HAL_GPIO_Init                          0x08001130   Section        0  stm32f1xx_hal_gpio.o(i.HAL_GPIO_Init)
    i.HAL_GPIO_ReadPin                       0x08001450   Section        0  stm32f1xx_hal_gpio.o(i.HAL_GPIO_ReadPin)
    i.HAL_GPIO_WritePin                      0x08001460   Section        0  stm32f1xx_hal_gpio.o(i.HAL_GPIO_WritePin)
    i.HAL_GetTick                            0x0800146c   Section        0  stm32f1xx_hal.o(i.HAL_GetTick)
    i.HAL_IncTick                            0x08001478   Section        0  stm32f1xx_hal.o(i.HAL_IncTick)
    i.HAL_Init                               0x08001490   Section        0  stm32f1xx_hal.o(i.HAL_Init)
    i.HAL_InitTick                           0x080014b8   Section        0  stm32f1xx_hal.o(i.HAL_InitTick)
    i.HAL_MspInit                            0x08001504   Section        0  stm32f1xx_hal_msp.o(i.HAL_MspInit)
    i.HAL_NVIC_EnableIRQ                     0x08001558   Section        0  stm32f1xx_hal_cortex.o(i.HAL_NVIC_EnableIRQ)
    i.HAL_NVIC_SetPriority                   0x08001578   Section        0  stm32f1xx_hal_cortex.o(i.HAL_NVIC_SetPriority)
    i.HAL_NVIC_SetPriorityGrouping           0x080015f4   Section        0  stm32f1xx_hal_cortex.o(i.HAL_NVIC_SetPriorityGrouping)
    i.HAL_RCCEx_PeriphCLKConfig              0x0800161c   Section        0  stm32f1xx_hal_rcc_ex.o(i.HAL_RCCEx_PeriphCLKConfig)
    i.HAL_RCC_ClockConfig                    0x0800174c   Section        0  stm32f1xx_hal_rcc.o(i.HAL_RCC_ClockConfig)
    i.HAL_RCC_GetHCLKFreq                    0x080018d8   Section        0  stm32f1xx_hal_rcc.o(i.HAL_RCC_GetHCLKFreq)
    i.HAL_RCC_GetPCLK1Freq                   0x080018e4   Section        0  stm32f1xx_hal_rcc.o(i.HAL_RCC_GetPCLK1Freq)
    i.HAL_RCC_GetPCLK2Freq                   0x08001904   Section        0  stm32f1xx_hal_rcc.o(i.HAL_RCC_GetPCLK2Freq)
    i.HAL_RCC_GetSysClockFreq                0x08001924   Section        0  stm32f1xx_hal_rcc.o(i.HAL_RCC_GetSysClockFreq)
    i.HAL_RCC_OscConfig                      0x08001994   Section        0  stm32f1xx_hal_rcc.o(i.HAL_RCC_OscConfig)
    i.HAL_SPI_Init                           0x08001df8   Section        0  stm32f1xx_hal_spi.o(i.HAL_SPI_Init)
    i.HAL_SPI_MspInit                        0x08001eb8   Section        0  spi.o(i.HAL_SPI_MspInit)
    i.HAL_SPI_TransmitReceive                0x08001f54   Section        0  stm32f1xx_hal_spi.o(i.HAL_SPI_TransmitReceive)
    i.HAL_SYSTICK_Config                     0x0800219c   Section        0  stm32f1xx_hal_cortex.o(i.HAL_SYSTICK_Config)
    i.HAL_UART_Init                          0x080021d0   Section        0  stm32f1xx_hal_uart.o(i.HAL_UART_Init)
    i.HAL_UART_MspInit                       0x08002248   Section        0  usart.o(i.HAL_UART_MspInit)
    i.HAL_UART_Transmit                      0x080022d0   Section        0  stm32f1xx_hal_uart.o(i.HAL_UART_Transmit)
    i.HardFault_Handler                      0x0800238e   Section        0  stm32f1xx_it.o(i.HardFault_Handler)
    i.Int_Get_Key                            0x08002394   Section        0  int_key.o(i.Int_Get_Key)
    i.Int_IP5305T_start                      0x0800250c   Section        0  int_ip5305t.o(i.Int_IP5305T_start)
    i.Int_SI24R1_Init                        0x08002530   Section        0  int_si24r1.o(i.Int_SI24R1_Init)
    i.Int_SI24R1_RX_Mode                     0x080025f4   Section        0  int_si24r1.o(i.Int_SI24R1_RX_Mode)
    i.Int_SI24R1_Read_Buf                    0x08002658   Section        0  int_si24r1.o(i.Int_SI24R1_Read_Buf)
    i.Int_SI24R1_Read_Reg                    0x080026a0   Section        0  int_si24r1.o(i.Int_SI24R1_Read_Reg)
    i.Int_SI24R1_TX_Mode                     0x080026d0   Section        0  int_si24r1.o(i.Int_SI24R1_TX_Mode)
    i.Int_SI24R1_TxPacket                    0x08002734   Section        0  int_si24r1.o(i.Int_SI24R1_TxPacket)
    i.Int_SI24R1_Write_Buf                   0x080027a8   Section        0  int_si24r1.o(i.Int_SI24R1_Write_Buf)
    i.Int_SI24R1_Write_Reg                   0x080027ec   Section        0  int_si24r1.o(i.Int_SI24R1_Write_Reg)
    i.Int_joystick_Init                      0x08002820   Section        0  int_joystick.o(i.Int_joystick_Init)
    i.Int_joystick_get                       0x08002838   Section        0  int_joystick.o(i.Int_joystick_get)
    i.JOYSTICK_task                          0x08002860   Section        0  app_freertos_task.o(i.JOYSTICK_task)
    i.KEY_task                               0x08002880   Section        0  app_freertos_task.o(i.KEY_task)
    i.MX_ADC1_Init                           0x0800289c   Section        0  adc.o(i.MX_ADC1_Init)
    i.MX_DMA_Init                            0x0800293c   Section        0  dma.o(i.MX_DMA_Init)
    i.MX_GPIO_Init                           0x08002970   Section        0  gpio.o(i.MX_GPIO_Init)
    i.MX_SPI1_Init                           0x08002a58   Section        0  spi.o(i.MX_SPI1_Init)
    i.MX_USART1_UART_Init                    0x08002a9c   Section        0  usart.o(i.MX_USART1_UART_Init)
    i.MemManage_Handler                      0x08002ad4   Section        0  stm32f1xx_it.o(i.MemManage_Handler)
    i.NMI_Handler                            0x08002ad8   Section        0  stm32f1xx_it.o(i.NMI_Handler)
    i.POWER_task                             0x08002adc   Section        0  app_freertos_task.o(i.POWER_task)
    i.RCC_Delay                              0x08002afc   Section        0  stm32f1xx_hal_rcc.o(i.RCC_Delay)
    RCC_Delay                                0x08002afd   Thumb Code    36  stm32f1xx_hal_rcc.o(i.RCC_Delay)
    i.SPI_EndRxTxTransaction                 0x08002b24   Section        0  stm32f1xx_hal_spi.o(i.SPI_EndRxTxTransaction)
    SPI_EndRxTxTransaction                   0x08002b25   Thumb Code    68  stm32f1xx_hal_spi.o(i.SPI_EndRxTxTransaction)
    i.SPI_RW                                 0x08002b68   Section        0  int_si24r1.o(i.SPI_RW)
    SPI_RW                                   0x08002b69   Thumb Code    32  int_si24r1.o(i.SPI_RW)
    i.SPI_WaitFlagStateUntilTimeout          0x08002b8c   Section        0  stm32f1xx_hal_spi.o(i.SPI_WaitFlagStateUntilTimeout)
    SPI_WaitFlagStateUntilTimeout            0x08002b8d   Thumb Code   210  stm32f1xx_hal_spi.o(i.SPI_WaitFlagStateUntilTimeout)
    i.SysTick_Handler                        0x08002c64   Section        0  stm32f1xx_it.o(i.SysTick_Handler)
    i.SystemClock_Config                     0x08002c78   Section        0  main.o(i.SystemClock_Config)
    i.SystemInit                             0x08002cfc   Section        0  system_stm32f1xx.o(i.SystemInit)
    i.UART_EndRxTransfer                     0x08002cfe   Section        0  stm32f1xx_hal_uart.o(i.UART_EndRxTransfer)
    UART_EndRxTransfer                       0x08002cff   Thumb Code   108  stm32f1xx_hal_uart.o(i.UART_EndRxTransfer)
    i.UART_SetConfig                         0x08002d6c   Section        0  stm32f1xx_hal_uart.o(i.UART_SetConfig)
    UART_SetConfig                           0x08002d6d   Thumb Code   248  stm32f1xx_hal_uart.o(i.UART_SetConfig)
    i.UART_WaitOnFlagUntilTimeout            0x08002e68   Section        0  stm32f1xx_hal_uart.o(i.UART_WaitOnFlagUntilTimeout)
    UART_WaitOnFlagUntilTimeout              0x08002e69   Thumb Code   140  stm32f1xx_hal_uart.o(i.UART_WaitOnFlagUntilTimeout)
    i.UsageFault_Handler                     0x08002ef4   Section        0  stm32f1xx_it.o(i.UsageFault_Handler)
    i.__0printf$8                            0x08002ef8   Section        0  printf8.o(i.__0printf$8)
    i.__NVIC_GetPriorityGrouping             0x08002f18   Section        0  stm32f1xx_hal_cortex.o(i.__NVIC_GetPriorityGrouping)
    __NVIC_GetPriorityGrouping               0x08002f19   Thumb Code    10  stm32f1xx_hal_cortex.o(i.__NVIC_GetPriorityGrouping)
    i.__NVIC_SetPriority                     0x08002f28   Section        0  stm32f1xx_hal_cortex.o(i.__NVIC_SetPriority)
    __NVIC_SetPriority                       0x08002f29   Thumb Code    32  stm32f1xx_hal_cortex.o(i.__NVIC_SetPriority)
    i.__scatterload_copy                     0x08002f50   Section       14  handlers.o(i.__scatterload_copy)
    i.__scatterload_null                     0x08002f5e   Section        2  handlers.o(i.__scatterload_null)
    i.__scatterload_zeroinit                 0x08002f60   Section       14  handlers.o(i.__scatterload_zeroinit)
    i._printf_core                           0x08002f70   Section        0  printf8.o(i._printf_core)
    _printf_core                             0x08002f71   Thumb Code   996  printf8.o(i._printf_core)
    i._printf_post_padding                   0x08003380   Section        0  printf8.o(i._printf_post_padding)
    _printf_post_padding                     0x08003381   Thumb Code    36  printf8.o(i._printf_post_padding)
    i._printf_pre_padding                    0x080033a4   Section        0  printf8.o(i._printf_pre_padding)
    _printf_pre_padding                      0x080033a5   Thumb Code    46  printf8.o(i._printf_pre_padding)
    i.fputc                                  0x080033d4   Section        0  com_debug.o(i.fputc)
    i.main                                   0x080033f0   Section        0  main.o(i.main)
    i.prvAddCurrentTaskToDelayedList         0x0800346c   Section        0  tasks.o(i.prvAddCurrentTaskToDelayedList)
    prvAddCurrentTaskToDelayedList           0x0800346d   Thumb Code   164  tasks.o(i.prvAddCurrentTaskToDelayedList)
    i.prvAddNewTaskToReadyList               0x0800352c   Section        0  tasks.o(i.prvAddNewTaskToReadyList)
    prvAddNewTaskToReadyList                 0x0800352d   Thumb Code   200  tasks.o(i.prvAddNewTaskToReadyList)
    i.prvCheckTasksWaitingTermination        0x08003610   Section        0  tasks.o(i.prvCheckTasksWaitingTermination)
    prvCheckTasksWaitingTermination          0x08003611   Thumb Code    60  tasks.o(i.prvCheckTasksWaitingTermination)
    i.prvDeleteTCB                           0x08003658   Section        0  tasks.o(i.prvDeleteTCB)
    prvDeleteTCB                             0x08003659   Thumb Code    18  tasks.o(i.prvDeleteTCB)
    i.prvHeapInit                            0x0800366c   Section        0  heap_4.o(i.prvHeapInit)
    prvHeapInit                              0x0800366d   Thumb Code    90  heap_4.o(i.prvHeapInit)
    i.prvIdleTask                            0x080036dc   Section        0  tasks.o(i.prvIdleTask)
    prvIdleTask                              0x080036dd   Thumb Code    32  tasks.o(i.prvIdleTask)
    i.prvInitialiseNewTask                   0x08003704   Section        0  tasks.o(i.prvInitialiseNewTask)
    prvInitialiseNewTask                     0x08003705   Thumb Code   122  tasks.o(i.prvInitialiseNewTask)
    i.prvInitialiseTaskLists                 0x08003780   Section        0  tasks.o(i.prvInitialiseTaskLists)
    prvInitialiseTaskLists                   0x08003781   Thumb Code    70  tasks.o(i.prvInitialiseTaskLists)
    i.prvInsertBlockIntoFreeList             0x080037e8   Section        0  heap_4.o(i.prvInsertBlockIntoFreeList)
    prvInsertBlockIntoFreeList               0x080037e9   Thumb Code    96  heap_4.o(i.prvInsertBlockIntoFreeList)
    i.prvResetNextTaskUnblockTime            0x08003850   Section        0  tasks.o(i.prvResetNextTaskUnblockTime)
    prvResetNextTaskUnblockTime              0x08003851   Thumb Code    40  tasks.o(i.prvResetNextTaskUnblockTime)
    i.prvTaskExitError                       0x08003880   Section        0  port.o(i.prvTaskExitError)
    prvTaskExitError                         0x08003881   Thumb Code    22  port.o(i.prvTaskExitError)
    i.pvPortMalloc                           0x08003898   Section        0  heap_4.o(i.pvPortMalloc)
    i.pxPortInitialiseStack                  0x0800397c   Section        0  port.o(i.pxPortInitialiseStack)
    i.uxListRemove                           0x080039a0   Section        0  list.o(i.uxListRemove)
    i.vListInitialise                        0x080039c8   Section        0  list.o(i.vListInitialise)
    i.vListInitialiseItem                    0x080039e2   Section        0  list.o(i.vListInitialiseItem)
    i.vListInsert                            0x080039e8   Section        0  list.o(i.vListInsert)
    i.vPortEnterCritical                     0x08003a1c   Section        0  port.o(i.vPortEnterCritical)
    i.vPortExitCritical                      0x08003a40   Section        0  port.o(i.vPortExitCritical)
    i.vPortFree                              0x08003a60   Section        0  heap_4.o(i.vPortFree)
    i.vPortSetupTimerInterrupt               0x08003aac   Section        0  port.o(i.vPortSetupTimerInterrupt)
    i.vTaskDelay                             0x08003ac4   Section        0  tasks.o(i.vTaskDelay)
    i.vTaskStartScheduler                    0x08003af8   Section        0  tasks.o(i.vTaskStartScheduler)
    i.vTaskSuspendAll                        0x08003b64   Section        0  tasks.o(i.vTaskSuspendAll)
    i.vTaskSwitchContext                     0x08003b74   Section        0  tasks.o(i.vTaskSwitchContext)
    i.xPortStartScheduler                    0x08003bd4   Section        0  port.o(i.xPortStartScheduler)
    i.xPortSysTickHandler                    0x08003c08   Section        0  port.o(i.xPortSysTickHandler)
    i.xTaskCreate                            0x08003c3c   Section        0  tasks.o(i.xTaskCreate)
    i.xTaskDelayUntil                        0x08003ca4   Section        0  tasks.o(i.xTaskDelayUntil)
    i.xTaskGetSchedulerState                 0x08003d18   Section        0  tasks.o(i.xTaskGetSchedulerState)
    i.xTaskGetTickCount                      0x08003d38   Section        0  tasks.o(i.xTaskGetTickCount)
    i.xTaskIncrementTick                     0x08003d44   Section        0  tasks.o(i.xTaskIncrementTick)
    i.xTaskResumeAll                         0x08003ed4   Section        0  tasks.o(i.xTaskResumeAll)
    .constdata                               0x08004030   Section       18  stm32f1xx_hal_rcc.o(.constdata)
    aPLLMULFactorTable                       0x08004030   Data          16  stm32f1xx_hal_rcc.o(.constdata)
    aPredivFactorTable                       0x08004040   Data           2  stm32f1xx_hal_rcc.o(.constdata)
    .constdata                               0x08004042   Section       24  system_stm32f1xx.o(.constdata)
    .data                                    0x20000000   Section        9  stm32f1xx_hal.o(.data)
    .data                                    0x2000000c   Section        4  system_stm32f1xx.o(.data)
    .data                                    0x20000010   Section       64  tasks.o(.data)
    pxDelayedTaskList                        0x20000014   Data           4  tasks.o(.data)
    pxOverflowDelayedTaskList                0x20000018   Data           4  tasks.o(.data)
    uxDeletedTasksWaitingCleanUp             0x2000001c   Data           4  tasks.o(.data)
    uxCurrentNumberOfTasks                   0x20000020   Data           4  tasks.o(.data)
    xTickCount                               0x20000024   Data           4  tasks.o(.data)
    uxTopReadyPriority                       0x20000028   Data           4  tasks.o(.data)
    xSchedulerRunning                        0x2000002c   Data           4  tasks.o(.data)
    xPendedTicks                             0x20000030   Data           4  tasks.o(.data)
    xYieldPending                            0x20000034   Data           4  tasks.o(.data)
    xNumOfOverflows                          0x20000038   Data           4  tasks.o(.data)
    uxTaskNumber                             0x2000003c   Data           4  tasks.o(.data)
    xNextTaskUnblockTime                     0x20000040   Data           4  tasks.o(.data)
    xIdleTaskHandle                          0x20000044   Data           4  tasks.o(.data)
    uxSchedulerSuspended                     0x2000004c   Data           4  tasks.o(.data)
    .data                                    0x20000050   Section       28  heap_4.o(.data)
    xStart                                   0x20000050   Data           8  heap_4.o(.data)
    pxEnd                                    0x20000058   Data           4  heap_4.o(.data)
    xFreeBytesRemaining                      0x2000005c   Data           4  heap_4.o(.data)
    xMinimumEverFreeBytesRemaining           0x20000060   Data           4  heap_4.o(.data)
    xNumberOfSuccessfulAllocations           0x20000064   Data           4  heap_4.o(.data)
    xNumberOfSuccessfulFrees                 0x20000068   Data           4  heap_4.o(.data)
    .data                                    0x2000006c   Section        4  port.o(.data)
    uxCriticalNesting                        0x2000006c   Data           4  port.o(.data)
    .data                                    0x20000070   Section       16  app_freertos_task.o(.data)
    .data                                    0x20000080   Section       20  app_process_data.o(.data)
    .data                                    0x20000094   Section       10  int_si24r1.o(.data)
    .data                                    0x2000009e   Section        8  int_joystick.o(.data)
    .data                                    0x200000a8   Section        4  stdout.o(.data)
    .bss                                     0x200000ac   Section      116  adc.o(.bss)
    .bss                                     0x20000120   Section       88  spi.o(.bss)
    .bss                                     0x20000178   Section       72  usart.o(.bss)
    .bss                                     0x200001c0   Section      200  tasks.o(.bss)
    pxReadyTasksLists                        0x200001c0   Data         100  tasks.o(.bss)
    xDelayedTaskList1                        0x20000224   Data          20  tasks.o(.bss)
    xDelayedTaskList2                        0x20000238   Data          20  tasks.o(.bss)
    xPendingReadyList                        0x2000024c   Data          20  tasks.o(.bss)
    xTasksWaitingTermination                 0x20000260   Data          20  tasks.o(.bss)
    xSuspendedTaskList                       0x20000274   Data          20  tasks.o(.bss)
    .bss                                     0x20000288   Section    17408  heap_4.o(.bss)
    ucHeap                                   0x20000288   Data       17408  heap_4.o(.bss)
    .bss                                     0x20004688   Section       10  app_process_data.o(.bss)
    .bss                                     0x20004692   Section       18  app_transmit_data.o(.bss)
    STACK                                    0x200046a8   Section     1024  startup_stm32f103xb.o(STACK)

    Global Symbols

    Symbol Name                              Value     Ov Type        Size  Object(Section)

    BuildAttributes$$THM_ISAv4$P$D$K$B$S$PE$A:L22UL41UL21$X:L11$S22US41US21$IEEE1$IW$USESV6$~STKCKD$USESV7$~SHL$OSPACE$ROPI$EBA8$MICROLIB$REQ8$PRES8$EABIv2 0x00000000   Number         0  anon$$obj.o ABSOLUTE
    __ARM_use_no_argv                        0x00000000   Number         0  main.o ABSOLUTE
    _printf_a                                0x00000000   Number         0  stubs.o ABSOLUTE
    _printf_c                                0x00000000   Number         0  stubs.o ABSOLUTE
    _printf_charcount                        0x00000000   Number         0  stubs.o ABSOLUTE
    _printf_d                                0x00000000   Number         0  stubs.o ABSOLUTE
    _printf_e                                0x00000000   Number         0  stubs.o ABSOLUTE
    _printf_f                                0x00000000   Number         0  stubs.o ABSOLUTE
    _printf_flags                            0x00000000   Number         0  stubs.o ABSOLUTE
    _printf_fp_dec                           0x00000000   Number         0  stubs.o ABSOLUTE
    _printf_fp_hex                           0x00000000   Number         0  stubs.o ABSOLUTE
    _printf_g                                0x00000000   Number         0  stubs.o ABSOLUTE
    _printf_i                                0x00000000   Number         0  stubs.o ABSOLUTE
    _printf_int_dec                          0x00000000   Number         0  stubs.o ABSOLUTE
    _printf_l                                0x00000000   Number         0  stubs.o ABSOLUTE
    _printf_lc                               0x00000000   Number         0  stubs.o ABSOLUTE
    _printf_ll                               0x00000000   Number         0  stubs.o ABSOLUTE
    _printf_lld                              0x00000000   Number         0  stubs.o ABSOLUTE
    _printf_lli                              0x00000000   Number         0  stubs.o ABSOLUTE
    _printf_llo                              0x00000000   Number         0  stubs.o ABSOLUTE
    _printf_llu                              0x00000000   Number         0  stubs.o ABSOLUTE
    _printf_llx                              0x00000000   Number         0  stubs.o ABSOLUTE
    _printf_longlong_dec                     0x00000000   Number         0  stubs.o ABSOLUTE
    _printf_longlong_hex                     0x00000000   Number         0  stubs.o ABSOLUTE
    _printf_longlong_oct                     0x00000000   Number         0  stubs.o ABSOLUTE
    _printf_ls                               0x00000000   Number         0  stubs.o ABSOLUTE
    _printf_mbtowc                           0x00000000   Number         0  stubs.o ABSOLUTE
    _printf_n                                0x00000000   Number         0  stubs.o ABSOLUTE
    _printf_o                                0x00000000   Number         0  stubs.o ABSOLUTE
    _printf_p                                0x00000000   Number         0  stubs.o ABSOLUTE
    _printf_percent                          0x00000000   Number         0  stubs.o ABSOLUTE
    _printf_pre_padding                      0x00000000   Number         0  stubs.o ABSOLUTE
    _printf_return_value                     0x00000000   Number         0  stubs.o ABSOLUTE
    _printf_s                                0x00000000   Number         0  stubs.o ABSOLUTE
    _printf_sizespec                         0x00000000   Number         0  stubs.o ABSOLUTE
    _printf_str                              0x00000000   Number         0  stubs.o ABSOLUTE
    _printf_truncate_signed                  0x00000000   Number         0  stubs.o ABSOLUTE
    _printf_truncate_unsigned                0x00000000   Number         0  stubs.o ABSOLUTE
    _printf_u                                0x00000000   Number         0  stubs.o ABSOLUTE
    _printf_wc                               0x00000000   Number         0  stubs.o ABSOLUTE
    _printf_wctomb                           0x00000000   Number         0  stubs.o ABSOLUTE
    _printf_widthprec                        0x00000000   Number         0  stubs.o ABSOLUTE
    _printf_x                                0x00000000   Number         0  stubs.o ABSOLUTE
    __cpp_initialize__aeabi_                  - Undefined Weak Reference
    __cxa_finalize                            - Undefined Weak Reference
    __decompress                              - Undefined Weak Reference
    _clock_init                               - Undefined Weak Reference
    _microlib_exit                            - Undefined Weak Reference
    __Vectors_Size                           0x000000ec   Number         0  startup_stm32f103xb.o ABSOLUTE
    __Vectors                                0x08000000   Data           4  startup_stm32f103xb.o(RESET)
    __Vectors_End                            0x080000ec   Data           0  startup_stm32f103xb.o(RESET)
    __main                                   0x080000ed   Thumb Code     0  entry.o(.ARM.Collect$$$$00000000)
    _main_stk                                0x080000ed   Thumb Code     0  entry2.o(.ARM.Collect$$$$00000001)
    _main_scatterload                        0x080000f1   Thumb Code     0  entry5.o(.ARM.Collect$$$$00000004)
    __main_after_scatterload                 0x080000f5   Thumb Code     0  entry5.o(.ARM.Collect$$$$00000004)
    _main_clock                              0x080000f5   Thumb Code     0  entry7b.o(.ARM.Collect$$$$00000008)
    _main_cpp_init                           0x080000f5   Thumb Code     0  entry8b.o(.ARM.Collect$$$$0000000A)
    _main_init                               0x080000f5   Thumb Code     0  entry9a.o(.ARM.Collect$$$$0000000B)
    __rt_final_cpp                           0x080000fd   Thumb Code     0  entry10a.o(.ARM.Collect$$$$0000000D)
    __rt_final_exit                          0x080000fd   Thumb Code     0  entry11a.o(.ARM.Collect$$$$0000000F)
    SVC_Handler                              0x08000101   Thumb Code    32  port.o(.emb_text)
    __asm___6_port_c_39a90d8d__prvStartFirstTask 0x08000125   Thumb Code    28  port.o(.emb_text)
    PendSV_Handler                           0x08000145   Thumb Code    72  port.o(.emb_text)
    vPortGetIPSR                             0x08000191   Thumb Code     6  port.o(.emb_text)
    Reset_Handler                            0x08000199   Thumb Code     8  startup_stm32f103xb.o(.text)
    ADC1_2_IRQHandler                        0x080001b3   Thumb Code     0  startup_stm32f103xb.o(.text)
    CAN1_RX1_IRQHandler                      0x080001b3   Thumb Code     0  startup_stm32f103xb.o(.text)
    CAN1_SCE_IRQHandler                      0x080001b3   Thumb Code     0  startup_stm32f103xb.o(.text)
    DMA1_Channel2_IRQHandler                 0x080001b3   Thumb Code     0  startup_stm32f103xb.o(.text)
    DMA1_Channel3_IRQHandler                 0x080001b3   Thumb Code     0  startup_stm32f103xb.o(.text)
    DMA1_Channel4_IRQHandler                 0x080001b3   Thumb Code     0  startup_stm32f103xb.o(.text)
    DMA1_Channel5_IRQHandler                 0x080001b3   Thumb Code     0  startup_stm32f103xb.o(.text)
    DMA1_Channel6_IRQHandler                 0x080001b3   Thumb Code     0  startup_stm32f103xb.o(.text)
    DMA1_Channel7_IRQHandler                 0x080001b3   Thumb Code     0  startup_stm32f103xb.o(.text)
    EXTI0_IRQHandler                         0x080001b3   Thumb Code     0  startup_stm32f103xb.o(.text)
    EXTI15_10_IRQHandler                     0x080001b3   Thumb Code     0  startup_stm32f103xb.o(.text)
    EXTI1_IRQHandler                         0x080001b3   Thumb Code     0  startup_stm32f103xb.o(.text)
    EXTI2_IRQHandler                         0x080001b3   Thumb Code     0  startup_stm32f103xb.o(.text)
    EXTI3_IRQHandler                         0x080001b3   Thumb Code     0  startup_stm32f103xb.o(.text)
    EXTI4_IRQHandler                         0x080001b3   Thumb Code     0  startup_stm32f103xb.o(.text)
    EXTI9_5_IRQHandler                       0x080001b3   Thumb Code     0  startup_stm32f103xb.o(.text)
    FLASH_IRQHandler                         0x080001b3   Thumb Code     0  startup_stm32f103xb.o(.text)
    I2C1_ER_IRQHandler                       0x080001b3   Thumb Code     0  startup_stm32f103xb.o(.text)
    I2C1_EV_IRQHandler                       0x080001b3   Thumb Code     0  startup_stm32f103xb.o(.text)
    I2C2_ER_IRQHandler                       0x080001b3   Thumb Code     0  startup_stm32f103xb.o(.text)
    I2C2_EV_IRQHandler                       0x080001b3   Thumb Code     0  startup_stm32f103xb.o(.text)
    PVD_IRQHandler                           0x080001b3   Thumb Code     0  startup_stm32f103xb.o(.text)
    RCC_IRQHandler                           0x080001b3   Thumb Code     0  startup_stm32f103xb.o(.text)
    RTC_Alarm_IRQHandler                     0x080001b3   Thumb Code     0  startup_stm32f103xb.o(.text)
    RTC_IRQHandler                           0x080001b3   Thumb Code     0  startup_stm32f103xb.o(.text)
    SPI1_IRQHandler                          0x080001b3   Thumb Code     0  startup_stm32f103xb.o(.text)
    SPI2_IRQHandler                          0x080001b3   Thumb Code     0  startup_stm32f103xb.o(.text)
    TAMPER_IRQHandler                        0x080001b3   Thumb Code     0  startup_stm32f103xb.o(.text)
    TIM1_BRK_IRQHandler                      0x080001b3   Thumb Code     0  startup_stm32f103xb.o(.text)
    TIM1_CC_IRQHandler                       0x080001b3   Thumb Code     0  startup_stm32f103xb.o(.text)
    TIM1_TRG_COM_IRQHandler                  0x080001b3   Thumb Code     0  startup_stm32f103xb.o(.text)
    TIM1_UP_IRQHandler                       0x080001b3   Thumb Code     0  startup_stm32f103xb.o(.text)
    TIM2_IRQHandler                          0x080001b3   Thumb Code     0  startup_stm32f103xb.o(.text)
    TIM3_IRQHandler                          0x080001b3   Thumb Code     0  startup_stm32f103xb.o(.text)
    TIM4_IRQHandler                          0x080001b3   Thumb Code     0  startup_stm32f103xb.o(.text)
    USART1_IRQHandler                        0x080001b3   Thumb Code     0  startup_stm32f103xb.o(.text)
    USART2_IRQHandler                        0x080001b3   Thumb Code     0  startup_stm32f103xb.o(.text)
    USART3_IRQHandler                        0x080001b3   Thumb Code     0  startup_stm32f103xb.o(.text)
    USBWakeUp_IRQHandler                     0x080001b3   Thumb Code     0  startup_stm32f103xb.o(.text)
    USB_HP_CAN1_TX_IRQHandler                0x080001b3   Thumb Code     0  startup_stm32f103xb.o(.text)
    USB_LP_CAN1_RX0_IRQHandler               0x080001b3   Thumb Code     0  startup_stm32f103xb.o(.text)
    WWDG_IRQHandler                          0x080001b3   Thumb Code     0  startup_stm32f103xb.o(.text)
    __aeabi_llsr                             0x080001bd   Thumb Code    32  llushr.o(.text)
    _ll_ushift_r                             0x080001bd   Thumb Code     0  llushr.o(.text)
    __aeabi_memset                           0x080001dd   Thumb Code    14  memseta.o(.text)
    __aeabi_memset4                          0x080001dd   Thumb Code     0  memseta.o(.text)
    __aeabi_memset8                          0x080001dd   Thumb Code     0  memseta.o(.text)
    __aeabi_memclr                           0x080001eb   Thumb Code     4  memseta.o(.text)
    __aeabi_memclr4                          0x080001eb   Thumb Code     0  memseta.o(.text)
    __aeabi_memclr8                          0x080001eb   Thumb Code     0  memseta.o(.text)
    _memset$wrapper                          0x080001ef   Thumb Code    18  memseta.o(.text)
    strrchr                                  0x08000201   Thumb Code    32  strrchr.o(.text)
    __aeabi_uldivmod                         0x08000221   Thumb Code    98  uldiv.o(.text)
    __scatterload                            0x08000285   Thumb Code    28  init.o(.text)
    __scatterload_rt2                        0x08000285   Thumb Code     0  init.o(.text)
    __aeabi_llsl                             0x080002a9   Thumb Code    30  llshl.o(.text)
    _ll_shift_l                              0x080002a9   Thumb Code     0  llshl.o(.text)
    ADC_ConversionStop_Disable               0x080002c7   Thumb Code    92  stm32f1xx_hal_adc.o(i.ADC_ConversionStop_Disable)
    ADC_DMAConvCplt                          0x08000323   Thumb Code    82  stm32f1xx_hal_adc.o(i.ADC_DMAConvCplt)
    ADC_DMAError                             0x08000375   Thumb Code    30  stm32f1xx_hal_adc.o(i.ADC_DMAError)
    ADC_DMAHalfConvCplt                      0x08000393   Thumb Code    14  stm32f1xx_hal_adc.o(i.ADC_DMAHalfConvCplt)
    ADC_Enable                               0x080003a1   Thumb Code   134  stm32f1xx_hal_adc.o(i.ADC_Enable)
    App_calibrate_joystick                   0x08000431   Thumb Code   170  app_process_data.o(i.App_calibrate_joystick)
    App_freeRTOS_Start                       0x080004f9   Thumb Code    88  app_freertos_task.o(i.App_freeRTOS_Start)
    App_process_joystick_data                0x080005a5   Thumb Code   398  app_process_data.o(i.App_process_joystick_data)
    App_process_key_data                     0x0800078d   Thumb Code   114  app_process_data.o(i.App_process_key_data)
    App_transmit_data                        0x0800080d   Thumb Code   200  app_transmit_data.o(i.App_transmit_data)
    BusFault_Handler                         0x08000915   Thumb Code     4  stm32f1xx_it.o(i.BusFault_Handler)
    COM_task                                 0x08000919   Thumb Code    28  app_freertos_task.o(i.COM_task)
    Com_limit                                0x08000935   Thumb Code    20  com_tool.o(i.Com_limit)
    DMA1_Channel1_IRQHandler                 0x08000949   Thumb Code    10  stm32f1xx_it.o(i.DMA1_Channel1_IRQHandler)
    DebugMon_Handler                         0x08000985   Thumb Code     2  stm32f1xx_it.o(i.DebugMon_Handler)
    Error_Handler                            0x08000987   Thumb Code     6  main.o(i.Error_Handler)
    HAL_ADC_ConfigChannel                    0x0800098d   Thumb Code   338  stm32f1xx_hal_adc.o(i.HAL_ADC_ConfigChannel)
    HAL_ADC_ConvCpltCallback                 0x08000aed   Thumb Code     2  stm32f1xx_hal_adc.o(i.HAL_ADC_ConvCpltCallback)
    HAL_ADC_ConvHalfCpltCallback             0x08000aef   Thumb Code     2  stm32f1xx_hal_adc.o(i.HAL_ADC_ConvHalfCpltCallback)
    HAL_ADC_ErrorCallback                    0x08000af1   Thumb Code     2  stm32f1xx_hal_adc.o(i.HAL_ADC_ErrorCallback)
    HAL_ADC_Init                             0x08000af5   Thumb Code   314  stm32f1xx_hal_adc.o(i.HAL_ADC_Init)
    HAL_ADC_MspInit                          0x08000c39   Thumb Code   154  adc.o(i.HAL_ADC_MspInit)
    HAL_ADC_Start_DMA                        0x08000ce9   Thumb Code   362  stm32f1xx_hal_adc.o(i.HAL_ADC_Start_DMA)
    HAL_DMA_IRQHandler                       0x08000e69   Thumb Code   408  stm32f1xx_hal_dma.o(i.HAL_DMA_IRQHandler)
    HAL_DMA_Init                             0x08001005   Thumb Code   100  stm32f1xx_hal_dma.o(i.HAL_DMA_Init)
    HAL_DMA_Start_IT                         0x0800106d   Thumb Code   156  stm32f1xx_hal_dma.o(i.HAL_DMA_Start_IT)
    HAL_Delay                                0x08001109   Thumb Code    36  stm32f1xx_hal.o(i.HAL_Delay)
    HAL_GPIO_Init                            0x08001131   Thumb Code   766  stm32f1xx_hal_gpio.o(i.HAL_GPIO_Init)
    HAL_GPIO_ReadPin                         0x08001451   Thumb Code    16  stm32f1xx_hal_gpio.o(i.HAL_GPIO_ReadPin)
    HAL_GPIO_WritePin                        0x08001461   Thumb Code    12  stm32f1xx_hal_gpio.o(i.HAL_GPIO_WritePin)
    HAL_GetTick                              0x0800146d   Thumb Code     6  stm32f1xx_hal.o(i.HAL_GetTick)
    HAL_IncTick                              0x08001479   Thumb Code    16  stm32f1xx_hal.o(i.HAL_IncTick)
    HAL_Init                                 0x08001491   Thumb Code    34  stm32f1xx_hal.o(i.HAL_Init)
    HAL_InitTick                             0x080014b9   Thumb Code    64  stm32f1xx_hal.o(i.HAL_InitTick)
    HAL_MspInit                              0x08001505   Thumb Code    76  stm32f1xx_hal_msp.o(i.HAL_MspInit)
    HAL_NVIC_EnableIRQ                       0x08001559   Thumb Code    32  stm32f1xx_hal_cortex.o(i.HAL_NVIC_EnableIRQ)
    HAL_NVIC_SetPriority                     0x08001579   Thumb Code   124  stm32f1xx_hal_cortex.o(i.HAL_NVIC_SetPriority)
    HAL_NVIC_SetPriorityGrouping             0x080015f5   Thumb Code    32  stm32f1xx_hal_cortex.o(i.HAL_NVIC_SetPriorityGrouping)
    HAL_RCCEx_PeriphCLKConfig                0x0800161d   Thumb Code   290  stm32f1xx_hal_rcc_ex.o(i.HAL_RCCEx_PeriphCLKConfig)
    HAL_RCC_ClockConfig                      0x0800174d   Thumb Code   376  stm32f1xx_hal_rcc.o(i.HAL_RCC_ClockConfig)
    HAL_RCC_GetHCLKFreq                      0x080018d9   Thumb Code     6  stm32f1xx_hal_rcc.o(i.HAL_RCC_GetHCLKFreq)
    HAL_RCC_GetPCLK1Freq                     0x080018e5   Thumb Code    22  stm32f1xx_hal_rcc.o(i.HAL_RCC_GetPCLK1Freq)
    HAL_RCC_GetPCLK2Freq                     0x08001905   Thumb Code    22  stm32f1xx_hal_rcc.o(i.HAL_RCC_GetPCLK2Freq)
    HAL_RCC_GetSysClockFreq                  0x08001925   Thumb Code    92  stm32f1xx_hal_rcc.o(i.HAL_RCC_GetSysClockFreq)
    HAL_RCC_OscConfig                        0x08001995   Thumb Code  1114  stm32f1xx_hal_rcc.o(i.HAL_RCC_OscConfig)
    HAL_SPI_Init                             0x08001df9   Thumb Code   190  stm32f1xx_hal_spi.o(i.HAL_SPI_Init)
    HAL_SPI_MspInit                          0x08001eb9   Thumb Code   138  spi.o(i.HAL_SPI_MspInit)
    HAL_SPI_TransmitReceive                  0x08001f55   Thumb Code   584  stm32f1xx_hal_spi.o(i.HAL_SPI_TransmitReceive)
    HAL_SYSTICK_Config                       0x0800219d   Thumb Code    52  stm32f1xx_hal_cortex.o(i.HAL_SYSTICK_Config)
    HAL_UART_Init                            0x080021d1   Thumb Code   118  stm32f1xx_hal_uart.o(i.HAL_UART_Init)
    HAL_UART_MspInit                         0x08002249   Thumb Code   122  usart.o(i.HAL_UART_MspInit)
    HAL_UART_Transmit                        0x080022d1   Thumb Code   190  stm32f1xx_hal_uart.o(i.HAL_UART_Transmit)
    HardFault_Handler                        0x0800238f   Thumb Code     4  stm32f1xx_it.o(i.HardFault_Handler)
    Int_Get_Key                              0x08002395   Thumb Code   372  int_key.o(i.Int_Get_Key)
    Int_IP5305T_start                        0x0800250d   Thumb Code    32  int_ip5305t.o(i.Int_IP5305T_start)
    Int_SI24R1_Init                          0x08002531   Thumb Code   114  int_si24r1.o(i.Int_SI24R1_Init)
    Int_SI24R1_RX_Mode                       0x080025f5   Thumb Code    90  int_si24r1.o(i.Int_SI24R1_RX_Mode)
    Int_SI24R1_Read_Buf                      0x08002659   Thumb Code    66  int_si24r1.o(i.Int_SI24R1_Read_Buf)
    Int_SI24R1_Read_Reg                      0x080026a1   Thumb Code    44  int_si24r1.o(i.Int_SI24R1_Read_Reg)
    Int_SI24R1_TX_Mode                       0x080026d1   Thumb Code    92  int_si24r1.o(i.Int_SI24R1_TX_Mode)
    Int_SI24R1_TxPacket                      0x08002735   Thumb Code   112  int_si24r1.o(i.Int_SI24R1_TxPacket)
    Int_SI24R1_Write_Buf                     0x080027a9   Thumb Code    64  int_si24r1.o(i.Int_SI24R1_Write_Buf)
    Int_SI24R1_Write_Reg                     0x080027ed   Thumb Code    46  int_si24r1.o(i.Int_SI24R1_Write_Reg)
    Int_joystick_Init                        0x08002821   Thumb Code    14  int_joystick.o(i.Int_joystick_Init)
    Int_joystick_get                         0x08002839   Thumb Code    34  int_joystick.o(i.Int_joystick_get)
    JOYSTICK_task                            0x08002861   Thumb Code    32  app_freertos_task.o(i.JOYSTICK_task)
    KEY_task                                 0x08002881   Thumb Code    28  app_freertos_task.o(i.KEY_task)
    MX_ADC1_Init                             0x0800289d   Thumb Code   150  adc.o(i.MX_ADC1_Init)
    MX_DMA_Init                              0x0800293d   Thumb Code    48  dma.o(i.MX_DMA_Init)
    MX_GPIO_Init                             0x08002971   Thumb Code   220  gpio.o(i.MX_GPIO_Init)
    MX_SPI1_Init                             0x08002a59   Thumb Code    60  spi.o(i.MX_SPI1_Init)
    MX_USART1_UART_Init                      0x08002a9d   Thumb Code    46  usart.o(i.MX_USART1_UART_Init)
    MemManage_Handler                        0x08002ad5   Thumb Code     4  stm32f1xx_it.o(i.MemManage_Handler)
    NMI_Handler                              0x08002ad9   Thumb Code     4  stm32f1xx_it.o(i.NMI_Handler)
    POWER_task                               0x08002add   Thumb Code    30  app_freertos_task.o(i.POWER_task)
    SysTick_Handler                          0x08002c65   Thumb Code    20  stm32f1xx_it.o(i.SysTick_Handler)
    SystemClock_Config                       0x08002c79   Thumb Code   132  main.o(i.SystemClock_Config)
    SystemInit                               0x08002cfd   Thumb Code     2  system_stm32f1xx.o(i.SystemInit)
    UsageFault_Handler                       0x08002ef5   Thumb Code     4  stm32f1xx_it.o(i.UsageFault_Handler)
    __0printf$8                              0x08002ef9   Thumb Code    22  printf8.o(i.__0printf$8)
    __1printf$8                              0x08002ef9   Thumb Code     0  printf8.o(i.__0printf$8)
    __2printf                                0x08002ef9   Thumb Code     0  printf8.o(i.__0printf$8)
    __scatterload_copy                       0x08002f51   Thumb Code    14  handlers.o(i.__scatterload_copy)
    __scatterload_null                       0x08002f5f   Thumb Code     2  handlers.o(i.__scatterload_null)
    __scatterload_zeroinit                   0x08002f61   Thumb Code    14  handlers.o(i.__scatterload_zeroinit)
    fputc                                    0x080033d5   Thumb Code    22  com_debug.o(i.fputc)
    main                                     0x080033f1   Thumb Code    76  main.o(i.main)
    pvPortMalloc                             0x08003899   Thumb Code   208  heap_4.o(i.pvPortMalloc)
    pxPortInitialiseStack                    0x0800397d   Thumb Code    30  port.o(i.pxPortInitialiseStack)
    uxListRemove                             0x080039a1   Thumb Code    40  list.o(i.uxListRemove)
    vListInitialise                          0x080039c9   Thumb Code    26  list.o(i.vListInitialise)
    vListInitialiseItem                      0x080039e3   Thumb Code     6  list.o(i.vListInitialiseItem)
    vListInsert                              0x080039e9   Thumb Code    52  list.o(i.vListInsert)
    vPortEnterCritical                       0x08003a1d   Thumb Code    30  port.o(i.vPortEnterCritical)
    vPortExitCritical                        0x08003a41   Thumb Code    28  port.o(i.vPortExitCritical)
    vPortFree                                0x08003a61   Thumb Code    68  heap_4.o(i.vPortFree)
    vPortSetupTimerInterrupt                 0x08003aad   Thumb Code    20  port.o(i.vPortSetupTimerInterrupt)
    vTaskDelay                               0x08003ac5   Thumb Code    46  tasks.o(i.vTaskDelay)
    vTaskStartScheduler                      0x08003af9   Thumb Code    76  tasks.o(i.vTaskStartScheduler)
    vTaskSuspendAll                          0x08003b65   Thumb Code    12  tasks.o(i.vTaskSuspendAll)
    vTaskSwitchContext                       0x08003b75   Thumb Code    76  tasks.o(i.vTaskSwitchContext)
    xPortStartScheduler                      0x08003bd5   Thumb Code    42  port.o(i.xPortStartScheduler)
    xPortSysTickHandler                      0x08003c09   Thumb Code    46  port.o(i.xPortSysTickHandler)
    xTaskCreate                              0x08003c3d   Thumb Code   104  tasks.o(i.xTaskCreate)
    xTaskDelayUntil                          0x08003ca5   Thumb Code   108  tasks.o(i.xTaskDelayUntil)
    xTaskGetSchedulerState                   0x08003d19   Thumb Code    24  tasks.o(i.xTaskGetSchedulerState)
    xTaskGetTickCount                        0x08003d39   Thumb Code     6  tasks.o(i.xTaskGetTickCount)
    xTaskIncrementTick                       0x08003d45   Thumb Code   356  tasks.o(i.xTaskIncrementTick)
    xTaskResumeAll                           0x08003ed5   Thumb Code   310  tasks.o(i.xTaskResumeAll)
    AHBPrescTable                            0x08004042   Data          16  system_stm32f1xx.o(.constdata)
    APBPrescTable                            0x08004052   Data           8  system_stm32f1xx.o(.constdata)
    Region$$Table$$Base                      0x0800405c   Number         0  anon$$obj.o(Region$$Table)
    Region$$Table$$Limit                     0x0800407c   Number         0  anon$$obj.o(Region$$Table)
    uwTick                                   0x20000000   Data           4  stm32f1xx_hal.o(.data)
    uwTickPrio                               0x20000004   Data           4  stm32f1xx_hal.o(.data)
    uwTickFreq                               0x20000008   Data           1  stm32f1xx_hal.o(.data)
    SystemCoreClock                          0x2000000c   Data           4  system_stm32f1xx.o(.data)
    pxCurrentTCB                             0x20000010   Data           4  tasks.o(.data)
    uxTopUsedPriority                        0x20000048   Data           4  tasks.o(.data)
    POWER_task_handle                        0x20000070   Data           4  app_freertos_task.o(.data)
    COM_task_handle                          0x20000074   Data           4  app_freertos_task.o(.data)
    KEY_task_handle                          0x20000078   Data           4  app_freertos_task.o(.data)
    JOYSTICK_task_handle                     0x2000007c   Data           4  app_freertos_task.o(.data)
    joystick                                 0x20000080   Data           8  app_process_data.o(.data)
    key_pit_offset                           0x20000088   Data           2  app_process_data.o(.data)
    key_rol_offset                           0x2000008a   Data           2  app_process_data.o(.data)
    joystick_thr_offset                      0x2000008c   Data           2  app_process_data.o(.data)
    joystick_yaw_offset                      0x2000008e   Data           2  app_process_data.o(.data)
    joystick_pit_offset                      0x20000090   Data           2  app_process_data.o(.data)
    joystick_rol_offset                      0x20000092   Data           2  app_process_data.o(.data)
    TX_ADDRESS                               0x20000094   Data           5  int_si24r1.o(.data)
    SI24R1_rx_buff                           0x20000099   Data           5  int_si24r1.o(.data)
    adc_buff                                 0x2000009e   Data           8  int_joystick.o(.data)
    __stdout                                 0x200000a8   Data           4  stdout.o(.data)
    hadc1                                    0x200000ac   Data          48  adc.o(.bss)
    hdma_adc1                                0x200000dc   Data          68  adc.o(.bss)
    hspi1                                    0x20000120   Data          88  spi.o(.bss)
    huart1                                   0x20000178   Data          72  usart.o(.bss)
    remote_data                              0x20004688   Data          10  app_process_data.o(.bss)
    transmit_buff                            0x20004692   Data          18  app_transmit_data.o(.bss)
    __initial_sp                             0x20004aa8   Data           0  startup_stm32f103xb.o(STACK)



==============================================================================

Memory Map of the image

  Image Entry point : 0x080000ed

  Load Region LR_IROM1 (Base: 0x08000000, Size: 0x00004128, Max: 0x00010000, ABSOLUTE)

    Execution Region ER_IROM1 (Exec base: 0x08000000, Load base: 0x08000000, Size: 0x0000407c, Max: 0x00010000, ABSOLUTE)

    Exec Addr    Load Addr    Size         Type   Attr      Idx    E Section Name        Object

    0x08000000   0x08000000   0x000000ec   Data   RO            3    RESET               startup_stm32f103xb.o
    0x080000ec   0x080000ec   0x00000000   Code   RO         3794  * .ARM.Collect$$$$00000000  mc_w.l(entry.o)
    0x080000ec   0x080000ec   0x00000004   Code   RO         4068    .ARM.Collect$$$$00000001  mc_w.l(entry2.o)
    0x080000f0   0x080000f0   0x00000004   Code   RO         4071    .ARM.Collect$$$$00000004  mc_w.l(entry5.o)
    0x080000f4   0x080000f4   0x00000000   Code   RO         4073    .ARM.Collect$$$$00000008  mc_w.l(entry7b.o)
    0x080000f4   0x080000f4   0x00000000   Code   RO         4075    .ARM.Collect$$$$0000000A  mc_w.l(entry8b.o)
    0x080000f4   0x080000f4   0x00000008   Code   RO         4076    .ARM.Collect$$$$0000000B  mc_w.l(entry9a.o)
    0x080000fc   0x080000fc   0x00000000   Code   RO         4078    .ARM.Collect$$$$0000000D  mc_w.l(entry10a.o)
    0x080000fc   0x080000fc   0x00000000   Code   RO         4080    .ARM.Collect$$$$0000000F  mc_w.l(entry11a.o)
    0x080000fc   0x080000fc   0x00000004   Code   RO         4069    .ARM.Collect$$$$00002712  mc_w.l(entry2.o)
    0x08000100   0x08000100   0x00000096   Code   RO         3422    .emb_text           port.o
    0x08000196   0x08000196   0x00000002   PAD
    0x08000198   0x08000198   0x00000024   Code   RO            4    .text               startup_stm32f103xb.o
    0x080001bc   0x080001bc   0x00000020   Code   RO         3797    .text               mc_w.l(llushr.o)
    0x080001dc   0x080001dc   0x00000024   Code   RO         3801    .text               mc_w.l(memseta.o)
    0x08000200   0x08000200   0x00000020   Code   RO         3803    .text               mc_w.l(strrchr.o)
    0x08000220   0x08000220   0x00000062   Code   RO         4085    .text               mc_w.l(uldiv.o)
    0x08000282   0x08000282   0x00000002   PAD
    0x08000284   0x08000284   0x00000024   Code   RO         4098    .text               mc_w.l(init.o)
    0x080002a8   0x080002a8   0x0000001e   Code   RO         4100    .text               mc_w.l(llshl.o)
    0x080002c6   0x080002c6   0x0000005c   Code   RO          526    i.ADC_ConversionStop_Disable  stm32f1xx_hal_adc.o
    0x08000322   0x08000322   0x00000052   Code   RO          527    i.ADC_DMAConvCplt   stm32f1xx_hal_adc.o
    0x08000374   0x08000374   0x0000001e   Code   RO          528    i.ADC_DMAError      stm32f1xx_hal_adc.o
    0x08000392   0x08000392   0x0000000e   Code   RO          529    i.ADC_DMAHalfConvCplt  stm32f1xx_hal_adc.o
    0x080003a0   0x080003a0   0x00000090   Code   RO          530    i.ADC_Enable        stm32f1xx_hal_adc.o
    0x08000430   0x08000430   0x000000c8   Code   RO         3556    i.App_calibrate_joystick  app_process_data.o
    0x080004f8   0x080004f8   0x000000ac   Code   RO         3496    i.App_freeRTOS_Start  app_freertos_task.o
    0x080005a4   0x080005a4   0x000001e8   Code   RO         3557    i.App_process_joystick_data  app_process_data.o
    0x0800078c   0x0800078c   0x00000080   Code   RO         3558    i.App_process_key_data  app_process_data.o
    0x0800080c   0x0800080c   0x00000108   Code   RO         3596    i.App_transmit_data  app_transmit_data.o
    0x08000914   0x08000914   0x00000004   Code   RO          396    i.BusFault_Handler  stm32f1xx_it.o
    0x08000918   0x08000918   0x0000001c   Code   RO         3497    i.COM_task          app_freertos_task.o
    0x08000934   0x08000934   0x00000014   Code   RO         2605    i.Com_limit         com_tool.o
    0x08000948   0x08000948   0x00000010   Code   RO          397    i.DMA1_Channel1_IRQHandler  stm32f1xx_it.o
    0x08000958   0x08000958   0x0000002c   Code   RO         1187    i.DMA_SetConfig     stm32f1xx_hal_dma.o
    0x08000984   0x08000984   0x00000002   Code   RO          398    i.DebugMon_Handler  stm32f1xx_it.o
    0x08000986   0x08000986   0x00000006   Code   RO           13    i.Error_Handler     main.o
    0x0800098c   0x0800098c   0x00000160   Code   RO          532    i.HAL_ADC_ConfigChannel  stm32f1xx_hal_adc.o
    0x08000aec   0x08000aec   0x00000002   Code   RO          533    i.HAL_ADC_ConvCpltCallback  stm32f1xx_hal_adc.o
    0x08000aee   0x08000aee   0x00000002   Code   RO          534    i.HAL_ADC_ConvHalfCpltCallback  stm32f1xx_hal_adc.o
    0x08000af0   0x08000af0   0x00000002   Code   RO          536    i.HAL_ADC_ErrorCallback  stm32f1xx_hal_adc.o
    0x08000af2   0x08000af2   0x00000002   PAD
    0x08000af4   0x08000af4   0x00000144   Code   RO          541    i.HAL_ADC_Init      stm32f1xx_hal_adc.o
    0x08000c38   0x08000c38   0x000000b0   Code   RO          247    i.HAL_ADC_MspInit   adc.o
    0x08000ce8   0x08000ce8   0x00000180   Code   RO          548    i.HAL_ADC_Start_DMA  stm32f1xx_hal_adc.o
    0x08000e68   0x08000e68   0x0000019c   Code   RO         1193    i.HAL_DMA_IRQHandler  stm32f1xx_hal_dma.o
    0x08001004   0x08001004   0x00000068   Code   RO         1194    i.HAL_DMA_Init      stm32f1xx_hal_dma.o
    0x0800106c   0x0800106c   0x0000009c   Code   RO         1198    i.HAL_DMA_Start_IT  stm32f1xx_hal_dma.o
    0x08001108   0x08001108   0x00000028   Code   RO          809    i.HAL_Delay         stm32f1xx_hal.o
    0x08001130   0x08001130   0x00000320   Code   RO         1124    i.HAL_GPIO_Init     stm32f1xx_hal_gpio.o
    0x08001450   0x08001450   0x00000010   Code   RO         1126    i.HAL_GPIO_ReadPin  stm32f1xx_hal_gpio.o
    0x08001460   0x08001460   0x0000000c   Code   RO         1128    i.HAL_GPIO_WritePin  stm32f1xx_hal_gpio.o
    0x0800146c   0x0800146c   0x0000000c   Code   RO          813    i.HAL_GetTick       stm32f1xx_hal.o
    0x08001478   0x08001478   0x00000018   Code   RO          819    i.HAL_IncTick       stm32f1xx_hal.o
    0x08001490   0x08001490   0x00000028   Code   RO          820    i.HAL_Init          stm32f1xx_hal.o
    0x080014b8   0x080014b8   0x0000004c   Code   RO          821    i.HAL_InitTick      stm32f1xx_hal.o
    0x08001504   0x08001504   0x00000054   Code   RO          466    i.HAL_MspInit       stm32f1xx_hal_msp.o
    0x08001558   0x08001558   0x00000020   Code   RO         1284    i.HAL_NVIC_EnableIRQ  stm32f1xx_hal_cortex.o
    0x08001578   0x08001578   0x0000007c   Code   RO         1290    i.HAL_NVIC_SetPriority  stm32f1xx_hal_cortex.o
    0x080015f4   0x080015f4   0x00000028   Code   RO         1291    i.HAL_NVIC_SetPriorityGrouping  stm32f1xx_hal_cortex.o
    0x0800161c   0x0800161c   0x00000130   Code   RO         1086    i.HAL_RCCEx_PeriphCLKConfig  stm32f1xx_hal_rcc_ex.o
    0x0800174c   0x0800174c   0x0000018c   Code   RO          977    i.HAL_RCC_ClockConfig  stm32f1xx_hal_rcc.o
    0x080018d8   0x080018d8   0x0000000c   Code   RO          982    i.HAL_RCC_GetHCLKFreq  stm32f1xx_hal_rcc.o
    0x080018e4   0x080018e4   0x00000020   Code   RO          984    i.HAL_RCC_GetPCLK1Freq  stm32f1xx_hal_rcc.o
    0x08001904   0x08001904   0x00000020   Code   RO          985    i.HAL_RCC_GetPCLK2Freq  stm32f1xx_hal_rcc.o
    0x08001924   0x08001924   0x00000070   Code   RO          986    i.HAL_RCC_GetSysClockFreq  stm32f1xx_hal_rcc.o
    0x08001994   0x08001994   0x00000464   Code   RO          989    i.HAL_RCC_OscConfig  stm32f1xx_hal_rcc.o
    0x08001df8   0x08001df8   0x000000be   Code   RO         1821    i.HAL_SPI_Init      stm32f1xx_hal_spi.o
    0x08001eb6   0x08001eb6   0x00000002   PAD
    0x08001eb8   0x08001eb8   0x0000009c   Code   RO          313    i.HAL_SPI_MspInit   spi.o
    0x08001f54   0x08001f54   0x00000248   Code   RO         1830    i.HAL_SPI_TransmitReceive  stm32f1xx_hal_spi.o
    0x0800219c   0x0800219c   0x00000034   Code   RO         1295    i.HAL_SYSTICK_Config  stm32f1xx_hal_cortex.o
    0x080021d0   0x080021d0   0x00000076   Code   RO         2198    i.HAL_UART_Init     stm32f1xx_hal_uart.o
    0x08002246   0x08002246   0x00000002   PAD
    0x08002248   0x08002248   0x00000088   Code   RO          355    i.HAL_UART_MspInit  usart.o
    0x080022d0   0x080022d0   0x000000be   Code   RO         2206    i.HAL_UART_Transmit  stm32f1xx_hal_uart.o
    0x0800238e   0x0800238e   0x00000004   Code   RO          399    i.HardFault_Handler  stm32f1xx_it.o
    0x08002392   0x08002392   0x00000002   PAD
    0x08002394   0x08002394   0x00000178   Code   RO         3734    i.Int_Get_Key       int_key.o
    0x0800250c   0x0800250c   0x00000024   Code   RO         3624    i.Int_IP5305T_start  int_ip5305t.o
    0x08002530   0x08002530   0x000000c4   Code   RO         3651    i.Int_SI24R1_Init   int_si24r1.o
    0x080025f4   0x080025f4   0x00000064   Code   RO         3652    i.Int_SI24R1_RX_Mode  int_si24r1.o
    0x08002658   0x08002658   0x00000048   Code   RO         3653    i.Int_SI24R1_Read_Buf  int_si24r1.o
    0x080026a0   0x080026a0   0x00000030   Code   RO         3654    i.Int_SI24R1_Read_Reg  int_si24r1.o
    0x080026d0   0x080026d0   0x00000064   Code   RO         3656    i.Int_SI24R1_TX_Mode  int_si24r1.o
    0x08002734   0x08002734   0x00000074   Code   RO         3657    i.Int_SI24R1_TxPacket  int_si24r1.o
    0x080027a8   0x080027a8   0x00000044   Code   RO         3658    i.Int_SI24R1_Write_Buf  int_si24r1.o
    0x080027ec   0x080027ec   0x00000034   Code   RO         3659    i.Int_SI24R1_Write_Reg  int_si24r1.o
    0x08002820   0x08002820   0x00000018   Code   RO         3761    i.Int_joystick_Init  int_joystick.o
    0x08002838   0x08002838   0x00000028   Code   RO         3762    i.Int_joystick_get  int_joystick.o
    0x08002860   0x08002860   0x00000020   Code   RO         3498    i.JOYSTICK_task     app_freertos_task.o
    0x08002880   0x08002880   0x0000001c   Code   RO         3499    i.KEY_task          app_freertos_task.o
    0x0800289c   0x0800289c   0x000000a0   Code   RO          248    i.MX_ADC1_Init      adc.o
    0x0800293c   0x0800293c   0x00000034   Code   RO          288    i.MX_DMA_Init       dma.o
    0x08002970   0x08002970   0x000000e8   Code   RO          222    i.MX_GPIO_Init      gpio.o
    0x08002a58   0x08002a58   0x00000044   Code   RO          314    i.MX_SPI1_Init      spi.o
    0x08002a9c   0x08002a9c   0x00000038   Code   RO          356    i.MX_USART1_UART_Init  usart.o
    0x08002ad4   0x08002ad4   0x00000004   Code   RO          400    i.MemManage_Handler  stm32f1xx_it.o
    0x08002ad8   0x08002ad8   0x00000004   Code   RO          401    i.NMI_Handler       stm32f1xx_it.o
    0x08002adc   0x08002adc   0x0000001e   Code   RO         3500    i.POWER_task        app_freertos_task.o
    0x08002afa   0x08002afa   0x00000002   PAD
    0x08002afc   0x08002afc   0x00000028   Code   RO          990    i.RCC_Delay         stm32f1xx_hal_rcc.o
    0x08002b24   0x08002b24   0x00000044   Code   RO         1859    i.SPI_EndRxTxTransaction  stm32f1xx_hal_spi.o
    0x08002b68   0x08002b68   0x00000024   Code   RO         3660    i.SPI_RW            int_si24r1.o
    0x08002b8c   0x08002b8c   0x000000d8   Code   RO         1864    i.SPI_WaitFlagStateUntilTimeout  stm32f1xx_hal_spi.o
    0x08002c64   0x08002c64   0x00000014   Code   RO          402    i.SysTick_Handler   stm32f1xx_it.o
    0x08002c78   0x08002c78   0x00000084   Code   RO           14    i.SystemClock_Config  main.o
    0x08002cfc   0x08002cfc   0x00000002   Code   RO         2542    i.SystemInit        system_stm32f1xx.o
    0x08002cfe   0x08002cfe   0x0000006c   Code   RO         2221    i.UART_EndRxTransfer  stm32f1xx_hal_uart.o
    0x08002d6a   0x08002d6a   0x00000002   PAD
    0x08002d6c   0x08002d6c   0x000000fc   Code   RO         2225    i.UART_SetConfig    stm32f1xx_hal_uart.o
    0x08002e68   0x08002e68   0x0000008c   Code   RO         2229    i.UART_WaitOnFlagUntilTimeout  stm32f1xx_hal_uart.o
    0x08002ef4   0x08002ef4   0x00000004   Code   RO          403    i.UsageFault_Handler  stm32f1xx_it.o
    0x08002ef8   0x08002ef8   0x00000020   Code   RO         4014    i.__0printf$8       mc_w.l(printf8.o)
    0x08002f18   0x08002f18   0x00000010   Code   RO         1297    i.__NVIC_GetPriorityGrouping  stm32f1xx_hal_cortex.o
    0x08002f28   0x08002f28   0x00000028   Code   RO         1298    i.__NVIC_SetPriority  stm32f1xx_hal_cortex.o
    0x08002f50   0x08002f50   0x0000000e   Code   RO         4108    i.__scatterload_copy  mc_w.l(handlers.o)
    0x08002f5e   0x08002f5e   0x00000002   Code   RO         4109    i.__scatterload_null  mc_w.l(handlers.o)
    0x08002f60   0x08002f60   0x0000000e   Code   RO         4110    i.__scatterload_zeroinit  mc_w.l(handlers.o)
    0x08002f6e   0x08002f6e   0x00000002   PAD
    0x08002f70   0x08002f70   0x00000410   Code   RO         4021    i._printf_core      mc_w.l(printf8.o)
    0x08003380   0x08003380   0x00000024   Code   RO         4022    i._printf_post_padding  mc_w.l(printf8.o)
    0x080033a4   0x080033a4   0x0000002e   Code   RO         4023    i._printf_pre_padding  mc_w.l(printf8.o)
    0x080033d2   0x080033d2   0x00000002   PAD
    0x080033d4   0x080033d4   0x0000001c   Code   RO         2578    i.fputc             com_debug.o
    0x080033f0   0x080033f0   0x0000007c   Code   RO           15    i.main              main.o
    0x0800346c   0x0800346c   0x000000c0   Code   RO         3049    i.prvAddCurrentTaskToDelayedList  tasks.o
    0x0800352c   0x0800352c   0x000000e4   Code   RO         3050    i.prvAddNewTaskToReadyList  tasks.o
    0x08003610   0x08003610   0x00000048   Code   RO         3051    i.prvCheckTasksWaitingTermination  tasks.o
    0x08003658   0x08003658   0x00000012   Code   RO         3052    i.prvDeleteTCB      tasks.o
    0x0800366a   0x0800366a   0x00000002   PAD
    0x0800366c   0x0800366c   0x00000070   Code   RO         3361    i.prvHeapInit       heap_4.o
    0x080036dc   0x080036dc   0x00000028   Code   RO         3053    i.prvIdleTask       tasks.o
    0x08003704   0x08003704   0x0000007a   Code   RO         3054    i.prvInitialiseNewTask  tasks.o
    0x0800377e   0x0800377e   0x00000002   PAD
    0x08003780   0x08003780   0x00000068   Code   RO         3055    i.prvInitialiseTaskLists  tasks.o
    0x080037e8   0x080037e8   0x00000068   Code   RO         3362    i.prvInsertBlockIntoFreeList  heap_4.o
    0x08003850   0x08003850   0x00000030   Code   RO         3056    i.prvResetNextTaskUnblockTime  tasks.o
    0x08003880   0x08003880   0x00000016   Code   RO         3423    i.prvTaskExitError  port.o
    0x08003896   0x08003896   0x00000002   PAD
    0x08003898   0x08003898   0x000000e4   Code   RO         3364    i.pvPortMalloc      heap_4.o
    0x0800397c   0x0800397c   0x00000024   Code   RO         3424    i.pxPortInitialiseStack  port.o
    0x080039a0   0x080039a0   0x00000028   Code   RO         2730    i.uxListRemove      list.o
    0x080039c8   0x080039c8   0x0000001a   Code   RO         2731    i.vListInitialise   list.o
    0x080039e2   0x080039e2   0x00000006   Code   RO         2732    i.vListInitialiseItem  list.o
    0x080039e8   0x080039e8   0x00000034   Code   RO         2733    i.vListInsert       list.o
    0x08003a1c   0x08003a1c   0x00000024   Code   RO         3426    i.vPortEnterCritical  port.o
    0x08003a40   0x08003a40   0x00000020   Code   RO         3427    i.vPortExitCritical  port.o
    0x08003a60   0x08003a60   0x0000004c   Code   RO         3365    i.vPortFree         heap_4.o
    0x08003aac   0x08003aac   0x00000018   Code   RO         3428    i.vPortSetupTimerInterrupt  port.o
    0x08003ac4   0x08003ac4   0x00000034   Code   RO         3064    i.vTaskDelay        tasks.o
    0x08003af8   0x08003af8   0x0000006c   Code   RO         3076    i.vTaskStartScheduler  tasks.o
    0x08003b64   0x08003b64   0x00000010   Code   RO         3078    i.vTaskSuspendAll   tasks.o
    0x08003b74   0x08003b74   0x00000060   Code   RO         3079    i.vTaskSwitchContext  tasks.o
    0x08003bd4   0x08003bd4   0x00000034   Code   RO         3429    i.xPortStartScheduler  port.o
    0x08003c08   0x08003c08   0x00000034   Code   RO         3430    i.xPortSysTickHandler  port.o
    0x08003c3c   0x08003c3c   0x00000068   Code   RO         3082    i.xTaskCreate       tasks.o
    0x08003ca4   0x08003ca4   0x00000074   Code   RO         3083    i.xTaskDelayUntil   tasks.o
    0x08003d18   0x08003d18   0x00000020   Code   RO         3089    i.xTaskGetSchedulerState  tasks.o
    0x08003d38   0x08003d38   0x0000000c   Code   RO         3090    i.xTaskGetTickCount  tasks.o
    0x08003d44   0x08003d44   0x00000190   Code   RO         3092    i.xTaskIncrementTick  tasks.o
    0x08003ed4   0x08003ed4   0x0000015c   Code   RO         3094    i.xTaskResumeAll    tasks.o
    0x08004030   0x08004030   0x00000012   Data   RO          991    .constdata          stm32f1xx_hal_rcc.o
    0x08004042   0x08004042   0x00000018   Data   RO         2543    .constdata          system_stm32f1xx.o
    0x0800405a   0x0800405a   0x00000002   PAD
    0x0800405c   0x0800405c   0x00000020   Data   RO         4106    Region$$Table       anon$$obj.o


    Execution Region RW_IRAM1 (Exec base: 0x20000000, Load base: 0x0800407c, Size: 0x00004aa8, Max: 0x00005000, ABSOLUTE)

    Exec Addr    Load Addr    Size         Type   Attr      Idx    E Section Name        Object

    0x20000000   0x0800407c   0x00000009   Data   RW          827    .data               stm32f1xx_hal.o
    0x20000009   0x08004085   0x00000003   PAD
    0x2000000c   0x08004088   0x00000004   Data   RW         2544    .data               system_stm32f1xx.o
    0x20000010   0x0800408c   0x00000040   Data   RW         3097    .data               tasks.o
    0x20000050   0x080040cc   0x0000001c   Data   RW         3371    .data               heap_4.o
    0x2000006c   0x080040e8   0x00000004   Data   RW         3431    .data               port.o
    0x20000070   0x080040ec   0x00000010   Data   RW         3501    .data               app_freertos_task.o
    0x20000080   0x080040fc   0x00000014   Data   RW         3560    .data               app_process_data.o
    0x20000094   0x08004110   0x0000000a   Data   RW         3661    .data               int_si24r1.o
    0x2000009e   0x0800411a   0x00000008   Data   RW         3763    .data               int_joystick.o
    0x200000a6   0x08004122   0x00000002   PAD
    0x200000a8   0x08004124   0x00000004   Data   RW         4082    .data               mc_w.l(stdout.o)
    0x200000ac        -       0x00000074   Zero   RW          249    .bss                adc.o
    0x20000120        -       0x00000058   Zero   RW          315    .bss                spi.o
    0x20000178        -       0x00000048   Zero   RW          357    .bss                usart.o
    0x200001c0        -       0x000000c8   Zero   RW         3096    .bss                tasks.o
    0x20000288        -       0x00004400   Zero   RW         3370    .bss                heap_4.o
    0x20004688        -       0x0000000a   Zero   RW         3559    .bss                app_process_data.o
    0x20004692        -       0x00000012   Zero   RW         3597    .bss                app_transmit_data.o
    0x200046a4   0x08004128   0x00000004   PAD
    0x200046a8        -       0x00000400   Zero   RW            1    STACK               startup_stm32f103xb.o


==============================================================================

Image component sizes


      Code (inc. data)   RO Data    RW Data    ZI Data      Debug   Object Name

       336         32          0          0        116       1723   adc.o
       290         84          0         16          0       3453   app_freertos_task.o
       816        134          0         20         10       2373   app_process_data.o
       264         64          0          0         18       1234   app_transmit_data.o
        28          6          0          0          0        488   com_debug.o
        20          0          0          0          0        556   com_tool.o
        52          4          0          0          0        702   dma.o
         0          0          0          0          0       2484   event_groups.o
       232         12          0          0          0        935   gpio.o
       520         58          0         28      17408       4355   heap_4.o
        36          4          0          0          0        444   int_ip5305t.o
        64         16          0          8          0       1754   int_joystick.o
       376          4          0          0          0       1246   int_key.o
       788        128          0         10          0       5556   int_si24r1.o
       124          0          0          0          0       2421   list.o
       262         48          0          0          0     432872   main.o
       404         48          0          4          0       8612   port.o
       224         26          0          0         88       1613   spi.o
        36          8        236          0       1024        784   startup_stm32f103xb.o
       192         36          0          9          0       5725   stm32f1xx_hal.o
      1428         56          0          0          0       8094   stm32f1xx_hal_adc.o
       304         22          0          0          0      29267   stm32f1xx_hal_cortex.o
       716          8          0          0          0       3383   stm32f1xx_hal_dma.o
       828         34          0          0          0       3231   stm32f1xx_hal_gpio.o
        84          8          0          0          0        854   stm32f1xx_hal_msp.o
      1748         98         18          0          0       5804   stm32f1xx_hal_rcc.o
       304         14          0          0          0       1356   stm32f1xx_hal_rcc_ex.o
      1058          6          0          0          0       4337   stm32f1xx_hal_spi.o
       808          4          0          0          0       4248   stm32f1xx_hal_uart.o
        58          6          0          0          0       3390   stm32f1xx_it.o
         2          0         24          4          0       1059   system_stm32f1xx.o
      2108        284          0         64        200      26882   tasks.o
       192         24          0          0         72       1574   usart.o

    ----------------------------------------------------------------------
     14722       1276        312        168      18940     572809   Object Totals
         0          0         32          0          0          0   (incl. Generated)
        20          0          2          5          4          0   (incl. Padding)

    ----------------------------------------------------------------------

      Code (inc. data)   RO Data    RW Data    ZI Data      Debug   Library Member Name

         0          0          0          0          0          0   entry.o
         0          0          0          0          0          0   entry10a.o
         0          0          0          0          0          0   entry11a.o
         8          4          0          0          0          0   entry2.o
         4          0          0          0          0          0   entry5.o
         0          0          0          0          0          0   entry7b.o
         0          0          0          0          0          0   entry8b.o
         8          4          0          0          0          0   entry9a.o
        30          0          0          0          0          0   handlers.o
        36          8          0          0          0         68   init.o
        30          0          0          0          0         68   llshl.o
        32          0          0          0          0         68   llushr.o
        36          0          0          0          0        108   memseta.o
      1154         54          0          0          0        352   printf8.o
         0          0          0          4          0          0   stdout.o
        32          0          0          0          0         68   strrchr.o
        98          0          0          0          0         92   uldiv.o

    ----------------------------------------------------------------------
      1474         70          0          4          0        824   Library Totals
         6          0          0          0          0          0   (incl. Padding)

    ----------------------------------------------------------------------

      Code (inc. data)   RO Data    RW Data    ZI Data      Debug   Library Name

      1468         70          0          4          0        824   mc_w.l

    ----------------------------------------------------------------------
      1474         70          0          4          0        824   Library Totals

    ----------------------------------------------------------------------

==============================================================================


      Code (inc. data)   RO Data    RW Data    ZI Data      Debug   

     16196       1346        312        172      18940     567181   Grand Totals
     16196       1346        312        172      18940     567181   ELF Image Totals
     16196       1346        312        172          0          0   ROM Totals

==============================================================================

    Total RO  Size (Code + RO Data)                16508 (  16.12kB)
    Total RW  Size (RW Data + ZI Data)             19112 (  18.66kB)
    Total ROM Size (Code + RO Data + RW Data)      16680 (  16.29kB)

==============================================================================

